Component: ARM Compiler 5.06 update 6 (build 750) Tool: armlink [4d35ed]

==============================================================================

Section Cross References

    main.o(i.main) refers to system_stm32f10x.o(i.SystemInit) for SystemInit
    main.o(i.main) refers to delay.o(i.Delay_Init) for Delay_Init
    main.o(i.main) refers to led.o(i.LED_GPIO_Config) for LED_GPIO_Config
    main.o(i.main) refers to beep.o(i.BEEP_GPIO_Config) for BEEP_GPIO_Config
    main.o(i.main) refers to rtc.o(i.RTC_Config) for RTC_Config
    main.o(i.main) refers to rtc.o(i.RTC_NVIC_Config) for RTC_NVIC_Config
    main.o(i.main) refers to timer.o(i.TIMx_Current_Config) for TIMx_Current_Config
    main.o(i.main) refers to timer.o(i.TIMx_Current_NVIC_Config) for TIMx_Current_NVIC_Config
    main.o(i.main) refers to usart.o(i.USARTx_Config) for USARTx_Config
    main.o(i.main) refers to usart.o(i.USARTx_NVIC_Config) for USARTx_NVIC_Config
    main.o(i.main) refers to app_main.o(i.app_main) for app_main
    main.o(i.main) refers to delay.o(i.DelayMs) for DelayMs
    usart.o(i.USART1_GPIO_Config) refers to stm32f10x_rcc.o(i.RCC_APB2PeriphClockCmd) for RCC_APB2PeriphClockCmd
    usart.o(i.USART1_GPIO_Config) refers to stm32f10x_gpio.o(i.GPIO_Init) for GPIO_Init
    usart.o(i.USART1_IRQHandler) refers to stm32f10x_usart.o(i.USART_GetFlagStatus) for USART_GetFlagStatus
    usart.o(i.USART1_IRQHandler) refers to stm32f10x_tim.o(i.TIM_Cmd) for TIM_Cmd
    usart.o(i.USART1_IRQHandler) refers to stm32f10x_tim.o(i.TIM_SetCounter) for TIM_SetCounter
    usart.o(i.USART1_IRQHandler) refers to stm32f10x_usart.o(i.USART_ReceiveData) for USART_ReceiveData
    usart.o(i.USART1_IRQHandler) refers to usart.o(.data) for USART1_RX_FLAG
    usart.o(i.USART1_IRQHandler) refers to usart.o(.bss) for USART1_RX_BUFF
    usart.o(i.USART2_GPIO_Config) refers to stm32f10x_rcc.o(i.RCC_APB2PeriphClockCmd) for RCC_APB2PeriphClockCmd
    usart.o(i.USART2_GPIO_Config) refers to stm32f10x_gpio.o(i.GPIO_Init) for GPIO_Init
    usart.o(i.USART3_GPIO_Config) refers to stm32f10x_rcc.o(i.RCC_APB2PeriphClockCmd) for RCC_APB2PeriphClockCmd
    usart.o(i.USART3_GPIO_Config) refers to stm32f10x_gpio.o(i.GPIO_Init) for GPIO_Init
    usart.o(i.USARTx_Config) refers to usart.o(i.USART1_GPIO_Config) for USART1_GPIO_Config
    usart.o(i.USARTx_Config) refers to usart.o(i.USART2_GPIO_Config) for USART2_GPIO_Config
    usart.o(i.USARTx_Config) refers to usart.o(i.USART3_GPIO_Config) for USART3_GPIO_Config
    usart.o(i.USARTx_Config) refers to stm32f10x_usart.o(i.USART_Init) for USART_Init
    usart.o(i.USARTx_Config) refers to stm32f10x_usart.o(i.USART_Cmd) for USART_Cmd
    usart.o(i.USARTx_NVIC_Config) refers to sys.o(i.STM32_NVIC_SetPriority) for STM32_NVIC_SetPriority
    usart.o(i.USARTx_NVIC_Config) refers to stm32f10x_usart.o(i.USART_ITConfig) for USART_ITConfig
    usart.o(i.USARTx_SendByte) refers to stm32f10x_usart.o(i.USART_SendData) for USART_SendData
    usart.o(i.USARTx_SendByte) refers to stm32f10x_usart.o(i.USART_GetFlagStatus) for USART_GetFlagStatus
    usart.o(i.USARTx_SendString) refers to usart.o(i.USARTx_SendByte) for USARTx_SendByte
    usart.o(i.fputc) refers to usart.o(i.USARTx_SendByte) for USARTx_SendByte
    delay.o(i.DelayMs) refers to delay.o(.data) for fac_ms
    delay.o(i.DelayUs) refers to delay.o(.data) for fac_us
    delay.o(i.Delay_Init) refers to misc.o(i.SysTick_CLKSourceConfig) for SysTick_CLKSourceConfig
    delay.o(i.Delay_Init) refers to system_stm32f10x.o(.data) for SystemCoreClock
    delay.o(i.Delay_Init) refers to delay.o(.data) for fac_us
    timer.o(i.TIM2_IRQHandler) refers to stm32f10x_tim.o(i.TIM_GetITStatus) for TIM_GetITStatus
    timer.o(i.TIM2_IRQHandler) refers to stm32f10x_tim.o(i.TIM_ClearITPendingBit) for TIM_ClearITPendingBit
    timer.o(i.TIM2_IRQHandler) refers to stm32f10x_tim.o(i.TIM_Cmd) for TIM_Cmd
    timer.o(i.TIM2_IRQHandler) refers to usart.o(.data) for USART1_RX_FLAG
    timer.o(i.TIMx_Current_Config) refers to stm32f10x_rcc.o(i.RCC_APB1PeriphClockCmd) for RCC_APB1PeriphClockCmd
    timer.o(i.TIMx_Current_Config) refers to stm32f10x_tim.o(i.TIM_DeInit) for TIM_DeInit
    timer.o(i.TIMx_Current_Config) refers to stm32f10x_tim.o(i.TIM_TimeBaseInit) for TIM_TimeBaseInit
    timer.o(i.TIMx_Current_NVIC_Config) refers to sys.o(i.STM32_NVIC_SetPriority) for STM32_NVIC_SetPriority
    timer.o(i.TIMx_Current_NVIC_Config) refers to stm32f10x_tim.o(i.TIM_ClearFlag) for TIM_ClearFlag
    timer.o(i.TIMx_Current_NVIC_Config) refers to stm32f10x_tim.o(i.TIM_ITConfig) for TIM_ITConfig
    led.o(i.LED_GPIO_Config) refers to stm32f10x_rcc.o(i.RCC_APB2PeriphClockCmd) for RCC_APB2PeriphClockCmd
    led.o(i.LED_GPIO_Config) refers to stm32f10x_gpio.o(i.GPIO_Init) for GPIO_Init
    led.o(i.LED_GPIO_Config) refers to stm32f10x_gpio.o(i.GPIO_SetBits) for GPIO_SetBits
    beep.o(i.BEEP_GPIO_Config) refers to stm32f10x_rcc.o(i.RCC_APB2PeriphClockCmd) for RCC_APB2PeriphClockCmd
[...]
    .data                                    0x200000b4   Section       20  system_stm32f10x.o(.data)
    .data                                    0x200000c8   Section        4  stdout.o(.data)
    .data                                    0x200000cc   Section        4  mvars.o(.data)
    .data                                    0x200000d0   Section        4  mvars.o(.data)
    .bss                                     0x200000d4   Section      192  usart.o(.bss)
    .bss                                     0x20000194   Section       12  rtc.o(.bss)
    .bss                                     0x200001a0   Section       14  lcd.o(.bss)
    .bss                                     0x200001ae   Section     4096  w25qxx.o(.bss)
    .bss                                     0x200011b0   Section      704  sdio_sdcard.o(.bss)
    CSD_Tab                                  0x200011f4   Data          16  sdio_sdcard.o(.bss)
    CID_Tab                                  0x20001204   Data          16  sdio_sdcard.o(.bss)
    .bss                                     0x20001470   Section       22  gt9147.o(.bss)
    .bss                                     0x20001486   Section       49  fontupd.o(.bss)
    .bss                                     0x200014b8   Section     1168  app_work.o(.bss)
    HEAP                                     0x20001948   Section    32768  startup_stm32f10x_hd.o(HEAP)
    STACK                                    0x20009948   Section    16384  startup_stm32f10x_hd.o(STACK)

    Global Symbols

    Symbol Name                              Value     Ov Type        Size  Object(Section)

    BuildAttributes$$THM_ISAv4$P$D$K$B$S$PE$A:L22UL41UL21$X:L11$S22US41US21$IEEE1$IW$USESV6$~STKCKD$USESV7$~SHL$OTIME$ROPI$IEEEX$EBA8$MICROLIB$REQ8$PRES8$EABIv2 0x00000000   Number         0  anon$$obj.o ABSOLUTE
    __ARM_use_no_argv                        0x00000000   Number         0  main.o ABSOLUTE
    _printf_a                                0x00000000   Number         0  stubs.o ABSOLUTE
    _printf_c                                0x00000000   Number         0  stubs.o ABSOLUTE
    _printf_charcount                        0x00000000   Number         0  stubs.o ABSOLUTE
    _printf_d                                0x00000000   Number         0  stubs.o ABSOLUTE
    _printf_e                                0x00000000   Number         0  stubs.o ABSOLUTE
    _printf_f                                0x00000000   Number         0  stubs.o ABSOLUTE
    _printf_flags                            0x00000000   Number         0  stubs.o ABSOLUTE
    _printf_fp_dec                           0x00000000   Number         0  stubs.o ABSOLUTE
    _printf_fp_hex                           0x00000000   Number         0  stubs.o ABSOLUTE
    _printf_g                                0x00000000   Number         0  stubs.o ABSOLUTE
    _printf_i                                0x00000000   Number         0  stubs.o ABSOLUTE
    _printf_int_dec                          0x00000000   Number         0  stubs.o ABSOLUTE
    _printf_l                                0x00000000   Number         0  stubs.o ABSOLUTE
    _printf_lc                               0x00000000   Number         0  stubs.o ABSOLUTE
    _printf_ll                               0x00000000   Number         0  stubs.o ABSOLUTE
    _printf_lld                              0x00000000   Number         0  stubs.o ABSOLUTE
    _printf_lli                              0x00000000   Number         0  stubs.o ABSOLUTE
    _printf_llo                              0x00000000   Number         0  stubs.o ABSOLUTE
    _printf_llu                              0x00000000   Number         0  stubs.o ABSOLUTE
    _printf_llx                              0x00000000   Number         0  stubs.o ABSOLUTE
    _printf_longlong_dec                     0x00000000   Number         0  stubs.o ABSOLUTE
    _printf_longlong_hex                     0x00000000   Number         0  stubs.o ABSOLUTE
    _printf_longlong_oct                     0x00000000   Number         0  stubs.o ABSOLUTE
    _printf_ls                               0x00000000   Number         0  stubs.o ABSOLUTE
    _printf_mbtowc                           0x00000000   Number         0  stubs.o ABSOLUTE
    _printf_n                                0x00000000   Number         0  stubs.o ABSOLUTE
    _printf_o                                0x00000000   Number         0  stubs.o ABSOLUTE
    _printf_p                                0x00000000   Number         0  stubs.o ABSOLUTE
    _printf_percent                          0x00000000   Number         0  stubs.o ABSOLUTE
    _printf_pre_padding                      0x00000000   Number         0  stubs.o ABSOLUTE
    _printf_return_value                     0x00000000   Number         0  stubs.o ABSOLUTE
    _printf_s                                0x00000000   Number         0  stubs.o ABSOLUTE
    _printf_sizespec                         0x00000000   Number         0  stubs.o ABSOLUTE
    _printf_str                              0x00000000   Number         0  stubs.o ABSOLUTE
    _printf_truncate_signed                  0x00000000   Number         0  stubs.o ABSOLUTE
    _printf_truncate_unsigned                0x00000000   Number         0  stubs.o ABSOLUTE
    _printf_u                                0x00000000   Number         0  stubs.o ABSOLUTE
    _printf_wc                               0x00000000   Number         0  stubs.o ABSOLUTE
    _printf_wctomb                           0x00000000   Number         0  stubs.o ABSOLUTE
    _printf_widthprec                        0x00000000   Number         0  stubs.o ABSOLUTE
    _printf_x                                0x00000000   Number         0  stubs.o ABSOLUTE
    __cpp_initialize__aeabi_                  - Undefined Weak Reference
    __cxa_finalize                            - Undefined Weak Reference
    __decompress                              - Undefined Weak Reference
    _clock_init                               - Undefined Weak Reference
    _microlib_exit                            - Undefined Weak Reference
    __Vectors_Size                           0x00000130   Number         0  startup_stm32f10x_hd.o ABSOLUTE
    __Vectors                                0x08000000   Data           4  startup_stm32f10x_hd.o(RESET)
    __Vectors_End                            0x08000130   Data           0  startup_stm32f10x_hd.o(RESET)
    __main                                   0x08000131   Thumb Code     0  entry.o(.ARM.Collect$$$$00000000)
    _main_stk                                0x08000131   Thumb Code     0  entry2.o(.ARM.Collect$$$$00000001)
    _main_scatterload                        0x08000135   Thumb Code     0  entry5.o(.ARM.Collect$$$$00000004)
    __main_after_scatterload                 0x08000139   Thumb Code     0  entry5.o(.ARM.Collect$$$$00000004)
    _main_clock                              0x08000139   Thumb Code     0  entry7b.o(.ARM.Collect$$$$00000008)
    _main_cpp_init                           0x08000139   Thumb Code     0  entry8b.o(.ARM.Collect$$$$0000000A)
    _main_init                               0x08000139   Thumb Code     0  entry9a.o(.ARM.Collect$$$$0000000B)
    __rt_final_cpp                           0x08000141   Thumb Code     0  entry10a.o(.ARM.Collect$$$$0000000D)
    __rt_final_exit                          0x08000141   Thumb Code     0  entry11a.o(.ARM.Collect$$$$0000000F)
    Reset_Handler                            0x08000145   Thumb Code     8  startup_stm32f10x_hd.o(.text)
    NMI_Handler                              0x0800014d   Thumb Code     2  startup_stm32f10x_hd.o(.text)
    HardFault_Handler                        0x0800014f   Thumb Code     2  startup_stm32f10x_hd.o(.text)
    MemManage_Handler                        0x08000151   Thumb Code     2  startup_stm32f10x_hd.o(.text)
    BusFault_Handler                         0x08000153   Thumb Code     2  startup_stm32f10x_hd.o(.text)
    UsageFault_Handler                       0x08000155   Thumb Code     2  startup_stm32f10x_hd.o(.text)
    SVC_Handler                              0x08000157   Thumb Code     2  startup_stm32f10x_hd.o(.text)
    DebugMon_Handler                         0x08000159   Thumb Code     2  startup_stm32f10x_hd.o(.text)
    PendSV_Handler                           0x0800015b   Thumb Code     2  startup_stm32f10x_hd.o(.text)
    SysTick_Handler                          0x0800015d   Thumb Code     2  startup_stm32f10x_hd.o(.text)
    ADC1_2_IRQHandler                        0x0800015f   Thumb Code     0  startup_stm32f10x_hd.o(.text)
    ADC3_IRQHandler                          0x0800015f   Thumb Code     0  startup_stm32f10x_hd.o(.text)
    CAN1_RX1_IRQHandler                      0x0800015f   Thumb Code     0  startup_stm32f10x_hd.o(.text)
    CAN1_SCE_IRQHandler                      0x0800015f   Thumb Code     0  startup_stm32f10x_hd.o(.text)
    DMA1_Channel1_IRQHandler                 0x0800015f   Thumb Code     0  startup_stm32f10x_hd.o(.text)
    DMA1_Channel2_IRQHandler                 0x0800015f   Thumb Code     0  startup_stm32f10x_hd.o(.text)
    DMA1_Channel3_IRQHandler                 0x0800015f   Thumb Code     0  startup_stm32f10x_hd.o(.text)
    DMA1_Channel4_IRQHandler                 0x0800015f   Thumb Code     0  startup_stm32f10x_hd.o(.text)
    DMA1_Channel5_IRQHandler                 0x0800015f   Thumb Code     0  startup_stm32f10x_hd.o(.text)
    DMA1_Channel6_IRQHandler                 0x0800015f   Thumb Code     0  startup_stm32f10x_hd.o(.text)
    DMA1_Channel7_IRQHandler                 0x0800015f   Thumb Code     0  startup_stm32f10x_hd.o(.text)
    DMA2_Channel1_IRQHandler                 0x0800015f   Thumb Code     0  startup_stm32f10x_hd.o(.text)
    DMA2_Channel2_IRQHandler                 0x0800015f   Thumb Code     0  startup_stm32f10x_hd.o(.text)
    DMA2_Channel3_IRQHandler                 0x0800015f   Thumb Code     0  startup_stm32f10x_hd.o(.text)
    DMA2_Channel4_5_IRQHandler               0x0800015f   Thumb Code     0  startup_stm32f10x_hd.o(.text)
    EXTI0_IRQHandler                         0x0800015f   Thumb Code     0  startup_stm32f10x_hd.o(.text)
    EXTI15_10_IRQHandler                     0x0800015f   Thumb Code     0  startup_stm32f10x_hd.o(.text)
    EXTI1_IRQHandler                         0x0800015f   Thumb Code     0  startup_stm32f10x_hd.o(.text)
    EXTI2_IRQHandler                         0x0800015f   Thumb Code     0  startup_stm32f10x_hd.o(.text)
    EXTI3_IRQHandler                         0x0800015f   Thumb Code     0  startup_stm32f10x_hd.o(.text)
    EXTI4_IRQHandler                         0x0800015f   Thumb Code     0  startup_stm32f10x_hd.o(.text)
    EXTI9_5_IRQHandler                       0x0800015f   Thumb Code     0  startup_stm32f10x_hd.o(.text)
    FLASH_IRQHandler                         0x0800015f   Thumb Code     0  startup_stm32f10x_hd.o(.text)
    FSMC_IRQHandler                          0x0800015f   Thumb Code     0  startup_stm32f10x_hd.o(.text)
    I2C1_ER_IRQHandler                       0x0800015f   Thumb Code     0  startup_stm32f10x_hd.o(.text)
    I2C1_EV_IRQHandler                       0x0800015f   Thumb Code     0  startup_stm32f10x_hd.o(.text)
    I2C2_ER_IRQHandler                       0x0800015f   Thumb Code     0  startup_stm32f10x_hd.o(.text)
    I2C2_EV_IRQHandler                       0x0800015f   Thumb Code     0  startup_stm32f10x_hd.o(.text)
    PVD_IRQHandler                           0x0800015f   Thumb Code     0  startup_stm32f10x_hd.o(.text)
    RCC_IRQHandler                           0x0800015f   Thumb Code     0  startup_stm32f10x_hd.o(.text)
    RTCAlarm_IRQHandler                      0x0800015f   Thumb Code     0  startup_stm32f10x_hd.o(.text)
    SPI1_IRQHandler                          0x0800015f   Thumb Code     0  startup_stm32f10x_hd.o(.text)
    SPI2_IRQHandler                          0x0800015f   Thumb Code     0  startup_stm32f10x_hd.o(.text)
    SPI3_IRQHandler                          0x0800015f   Thumb Code     0  startup_stm32f10x_hd.o(.text)
    TAMPER_IRQHandler                        0x0800015f   Thumb Code     0  startup_stm32f10x_hd.o(.text)
    TIM1_BRK_IRQHandler                      0x0800015f   Thumb Code     0  startup_stm32f10x_hd.o(.text)
    TIM1_CC_IRQHandler                       0x0800015f   Thumb Code     0  startup_stm32f10x_hd.o(.text)
    TIM1_TRG_COM_IRQHandler                  0x0800015f   Thumb Code     0  startup_stm32f10x_hd.o(.text)
    TIM1_UP_IRQHandler                       0x0800015f   Thumb Code     0  startup_stm32f10x_hd.o(.text)
    TIM3_IRQHandler                          0x0800015f   Thumb Code     0  startup_stm32f10x_hd.o(.text)
    TIM4_IRQHandler                          0x0800015f   Thumb Code     0  startup_stm32f10x_hd.o(.text)
    TIM5_IRQHandler                          0x0800015f   Thumb Code     0  startup_stm32f10x_hd.o(.text)
    TIM6_IRQHandler                          0x0800015f   Thumb Code     0  startup_stm32f10x_hd.o(.text)
    TIM7_IRQHandler                          0x0800015f   Thumb Code     0  startup_stm32f10x_hd.o(.text)
    TIM8_BRK_IRQHandler                      0x0800015f   Thumb Code     0  startup_stm32f10x_hd.o(.text)
    TIM8_CC_IRQHandler                       0x0800015f   Thumb Code     0  startup_stm32f10x_hd.o(.text)
    TIM8_TRG_COM_IRQHandler                  0x0800015f   Thumb Code     0  startup_stm32f10x_hd.o(.text)
    TIM8_UP_IRQHandler                       0x0800015f   Thumb Code     0  startup_stm32f10x_hd.o(.text)
    UART4_IRQHandler                         0x0800015f   Thumb Code     0  startup_stm32f10x_hd.o(.text)
    UART5_IRQHandler                         0x0800015f   Thumb Code     0  startup_stm32f10x_hd.o(.text)
    USART2_IRQHandler                        0x0800015f   Thumb Code     0  startup_stm32f10x_hd.o(.text)
    USART3_IRQHandler                        0x0800015f   Thumb Code     0  startup_stm32f10x_hd.o(.text)
    USBWakeUp_IRQHandler                     0x0800015f   Thumb Code     0  startup_stm32f10x_hd.o(.text)
    USB_HP_CAN1_TX_IRQHandler                0x0800015f   Thumb Code     0  startup_stm32f10x_hd.o(.text)
    USB_LP_CAN1_RX0_IRQHandler               0x0800015f   Thumb Code     0  startup_stm32f10x_hd.o(.text)
    WWDG_IRQHandler                          0x0800015f   Thumb Code     0  startup_stm32f10x_hd.o(.text)
    __aeabi_ldivmod                          0x08000169   Thumb Code    98  ldiv.o(.text)
    __aeabi_memcpy                           0x080001cb   Thumb Code    36  memcpya.o(.text)
    __aeabi_memcpy4                          0x080001cb   Thumb Code     0  memcpya.o(.text)
    __aeabi_memcpy8                          0x080001cb   Thumb Code     0  memcpya.o(.text)
    __aeabi_memset                           0x080001ef   Thumb Code    14  memseta.o(.text)
    __aeabi_memset4                          0x080001ef   Thumb Code     0  memseta.o(.text)
    __aeabi_memset8                          0x080001ef   Thumb Code     0  memseta.o(.text)
    __aeabi_memclr                           0x080001fd   Thumb Code     4  memseta.o(.text)
    __aeabi_memclr4                          0x080001fd   Thumb Code     0  memseta.o(.text)
    __aeabi_memclr8                          0x080001fd   Thumb Code     0  memseta.o(.text)
    _memset$wrapper                          0x08000201   Thumb Code    18  memseta.o(.text)
    strcat                                   0x08000213   Thumb Code    24  strcat.o(.text)
    strlen                                   0x0800022b   Thumb Code    14  strlen.o(.text)
    strcmp                                   0x08000239   Thumb Code    28  strcmp.o(.text)
    strcpy                                   0x08000255   Thumb Code    18  strcpy.o(.text)
    __aeabi_fadd                             0x08000267   Thumb Code   164  fadd.o(.text)
    __aeabi_fsub                             0x0800030b   Thumb Code     6  fadd.o(.text)
    __aeabi_frsub                            0x08000311   Thumb Code     6  fadd.o(.text)
    __aeabi_fmul                             0x08000317   Thumb Code   100  fmul.o(.text)
    __aeabi_fdiv                             0x0800037b   Thumb Code   124  fdiv.o(.text)
    __aeabi_dadd                             0x080003f7   Thumb Code   322  dadd.o(.text)
    __aeabi_dsub                             0x08000539   Thumb Code     6  dadd.o(.text)
    __aeabi_drsub                            0x0800053f   Thumb Code     6  dadd.o(.text)
    __aeabi_dmul                             0x08000545   Thumb Code   228  dmul.o(.text)
    __aeabi_ddiv                             0x08000629   Thumb Code   222  ddiv.o(.text)
    __aeabi_ui2f                             0x08000707   Thumb Code    10  ffltui.o(.text)
    __aeabi_i2d                              0x08000711   Thumb Code    34  dflti.o(.text)
    __aeabi_ui2d                             0x08000733   Thumb Code    26  dfltui.o(.text)
    __aeabi_f2uiz                            0x0800074d   Thumb Code    40  ffixui.o(.text)
    __aeabi_d2uiz                            0x08000775   Thumb Code    50  dfixui.o(.text)
    __aeabi_f2d                              0x080007a7   Thumb Code    38  f2d.o(.text)
    __aeabi_d2f                              0x080007cd   Thumb Code    56  d2f.o(.text)
    __aeabi_cfcmpeq                          0x08000805   Thumb Code     0  cfcmple.o(.text)
    __aeabi_cfcmple                          0x08000805   Thumb Code    20  cfcmple.o(.text)
    __aeabi_uidiv                            0x08000819   Thumb Code     0  uidiv.o(.text)
    __aeabi_uidivmod                         0x08000819   Thumb Code    44  uidiv.o(.text)
    __aeabi_uldivmod                         0x08000845   Thumb Code    98  uldiv.o(.text)
    __aeabi_llsl                             0x080008a7   Thumb Code    30  llshl.o(.text)
    _ll_shift_l                              0x080008a7   Thumb Code     0  llshl.o(.text)
    __aeabi_llsr                             0x080008c5   Thumb Code    32  llushr.o(.text)
    _ll_ushift_r                             0x080008c5   Thumb Code     0  llushr.o(.text)
    __aeabi_lasr                             0x080008e5   Thumb Code    36  llsshr.o(.text)
    _ll_sshift_r                             0x080008e5   Thumb Code     0  llsshr.o(.text)
    __I$use$fp                               0x08000909   Thumb Code     0  iusefp.o(.text)
    _float_round                             0x08000909   Thumb Code    18  fepilogue.o(.text)
    _float_epilogue                          0x0800091b   Thumb Code    92  fepilogue.o(.text)
    _double_round                            0x08000977   Thumb Code    30  depilogue.o(.text)
    _double_epilogue                         0x08000995   Thumb Code   156  depilogue.o(.text)
    __aeabi_d2ulz                            0x08000a31   Thumb Code    48  dfixul.o(.text)
    __aeabi_cdrcmple                         0x08000a61   Thumb Code    48  cdrcmple.o(.text)
    __scatterload                            0x08000a91   Thumb Code    28  init.o(.text)
    __scatterload_rt2                        0x08000a91   Thumb Code     0  init.o(.text)
    BEEP_GPIO_Config                         0x08000ab5   Thumb Code    46  beep.o(i.BEEP_GPIO_Config)
    BKP_DeInit                               0x08000aed   Thumb Code    16  stm32f10x_bkp.o(i.BKP_DeInit)
    CT_Delay                                 0x08000afd   Thumb Code    10  ctiic.o(i.CT_Delay)
    CT_IIC_Ack                               0x08000b09   Thumb Code    66  ctiic.o(i.CT_IIC_Ack)
    CT_IIC_Init                              0x08000b5d   Thumb Code    72  ctiic.o(i.CT_IIC_Init)
    CT_IIC_NAck                              0x08000bad   Thumb Code    66  ctiic.o(i.CT_IIC_NAck)
    CT_IIC_Read_Byte                         0x08000c01   Thumb Code    94  ctiic.o(i.CT_IIC_Read_Byte)
    CT_IIC_Send_Byte                         0x08000c71   Thumb Code    82  ctiic.o(i.CT_IIC_Send_Byte)
    CT_IIC_Start                             0x08000cd5   Thumb Code    62  ctiic.o(i.CT_IIC_Start)
    CT_IIC_Stop                              0x08000d21   Thumb Code    56  ctiic.o(i.CT_IIC_Stop)
    CT_IIC_Wait_Ack                          0x08000d69   Thumb Code    92  ctiic.o(i.CT_IIC_Wait_Ack)
    CmdError                                 0x08000dd5   Thumb Code    48  sdio_sdcard.o(i.CmdError)
    CmdResp1Error                            0x08000e05   Thumb Code    90  sdio_sdcard.o(i.CmdResp1Error)
    CmdResp2Error                            0x08000e65   Thumb Code    80  sdio_sdcard.o(i.CmdResp2Error)
    CmdResp3Error                            0x08000eb9   Thumb Code    50  sdio_sdcard.o(i.CmdResp3Error)
    CmdResp6Error                            0x08000ef1   Thumb Code   140  sdio_sdcard.o(i.CmdResp6Error)
    CmdResp7Error                            0x08000f81   Thumb Code    70  sdio_sdcard.o(i.CmdResp7Error)
    DMA_Cmd                                  0x08000fcd   Thumb Code    24  stm32f10x_dma.o(i.DMA_Cmd)
    DMA_DeInit                               0x08000fe5   Thumb Code   324  stm32f10x_dma.o(i.DMA_DeInit)
    DMA_Init                                 0x08001131   Thumb Code    60  stm32f10x_dma.o(i.DMA_Init)
    DelayMs                                  0x0800116d   Thumb Code    72  delay.o(i.DelayMs)
    DelayUs                                  0x080011b9   Thumb Code    72  delay.o(i.DelayUs)
    Delay_Init                               0x08001205   Thumb Code    50  delay.o(i.Delay_Init)
    FSMC_NORSRAMCmd                          0x08001249   Thumb Code    46  stm32f10x_fsmc.o(i.FSMC_NORSRAMCmd)
    FSMC_NORSRAMInit                         0x0800127d   Thumb Code   230  stm32f10x_fsmc.o(i.FSMC_NORSRAMInit)
    FindSCR                                  0x08001365   Thumb Code   386  sdio_sdcard.o(i.FindSCR)
    GPIO_Init                                0x080014f9   Thumb Code   278  stm32f10x_gpio.o(i.GPIO_Init)
    GPIO_ResetBits                           0x0800160f   Thumb Code     4  stm32f10x_gpio.o(i.GPIO_ResetBits)
    GPIO_SetBits                             0x08001613   Thumb Code     4  stm32f10x_gpio.o(i.GPIO_SetBits)
    GT9147_Init                              0x08001619   Thumb Code   268  gt9147.o(i.GT9147_Init)
    GT9147_RD_Reg                            0x08001759   Thumb Code    98  gt9147.o(i.GT9147_RD_Reg)
    GT9147_Scan                              0x080017bd   Thumb Code   468  gt9147.o(i.GT9147_Scan)
    GT9147_Send_Cfg                          0x080019a1   Thumb Code    86  gt9147.o(i.GT9147_Send_Cfg)
    GT9147_WR_Reg                            0x080019fd   Thumb Code    92  gt9147.o(i.GT9147_WR_Reg)
    Get_HzMat                                0x08001a59   Thumb Code   266  text.o(i.Get_HzMat)
    INTX_DISABLE                             0x08001b69   Thumb Code     4  sys.o(i.INTX_DISABLE)
    INTX_ENABLE                              0x08001b6d   Thumb Code     4  sys.o(i.INTX_ENABLE)
    IsCardProgramming                        0x08001b71   Thumb Code   142  sdio_sdcard.o(i.IsCardProgramming)
    LCD_Clear                                0x08001c0d   Thumb Code   100  lcd.o(i.LCD_Clear)
    LCD_Display_Dir                          0x08001c79   Thumb Code   444  lcd.o(i.LCD_Display_Dir)
    LCD_DrawLine                             0x08001e39   Thumb Code   176  lcd.o(i.LCD_DrawLine)
    LCD_DrawPoint                            0x08001ee9   Thumb Code    28  lcd.o(i.LCD_DrawPoint)
    LCD_DrawRectangle                        0x08001f0d   Thumb Code    60  lcd.o(i.LCD_DrawRectangle)
    LCD_Fast_DrawPoint                       0x08001f49   Thumb Code   370  lcd.o(i.LCD_Fast_DrawPoint)
    LCD_Fill                                 0x080020c5   Thumb Code   178  lcd.o(i.LCD_Fill)
    LCD_Init                                 0x08002181   Thumb Code  4590  lcd.o(i.LCD_Init)
    LCD_Pow                                  0x08003375   Thumb Code    22  lcd.o(i.LCD_Pow)
    LCD_RD_DATA                              0x0800338d   Thumb Code    14  lcd.o(i.LCD_RD_DATA)
    LCD_ReadReg                              0x080033a1   Thumb Code    22  lcd.o(i.LCD_ReadReg)
    LCD_Scan_Dir                             0x080033b9   Thumb Code   744  lcd.o(i.LCD_Scan_Dir)
    LCD_SetCursor                            0x080036a5   Thumb Code   418  lcd.o(i.LCD_SetCursor)
    LCD_ShowChar                             0x0800384d   Thumb Code   308  lcd.o(i.LCD_ShowChar)
    LCD_ShowNum                              0x080039a1   Thumb Code   148  lcd.o(i.LCD_ShowNum)
    LCD_ShowString                           0x08003a35   Thumb Code   102  lcd.o(i.LCD_ShowString)
    LCD_WR_DATA                              0x08003a9d   Thumb Code     6  lcd.o(i.LCD_WR_DATA)
    LCD_WR_REG                               0x08003aa9   Thumb Code     6  lcd.o(i.LCD_WR_REG)
    LCD_WriteRAM_Prepare                     0x08003ab5   Thumb Code    10  lcd.o(i.LCD_WriteRAM_Prepare)
    LCD_WriteReg                             0x08003ac9   Thumb Code    10  lcd.o(i.LCD_WriteReg)
    LCD_cShowChar                            0x08003ad9   Thumb Code   306  lcd.o(i.LCD_cShowChar)
    LED_GPIO_Config                          0x08003c29   Thumb Code   134  led.o(i.LED_GPIO_Config)
    NVIC_Init                                0x08003cbd   Thumb Code   100  misc.o(i.NVIC_Init)
    NVIC_PriorityGroupConfig                 0x08003d2d   Thumb Code    10  misc.o(i.NVIC_PriorityGroupConfig)
    PWR_BackupAccessCmd                      0x08003d41   Thumb Code     6  stm32f10x_pwr.o(i.PWR_BackupAccessCmd)
    Pick_ConfigBackColorWork                 0x08003d4d   Thumb Code  1614  app_work.o(i.Pick_ConfigBackColorWork)
    Pick_ConfigFontColorWork                 0x080043c9   Thumb Code  1614  app_work.o(i.Pick_ConfigFontColorWork)
    Pick_ConfigFontSizeWork                  0x08004a45   Thumb Code  1412  app_work.o(i.Pick_ConfigFontSizeWork)
    Pick_ConfigWork                          0x08004ff5   Thumb Code   956  app_work.o(i.Pick_ConfigWork)
    Pick_DirWork                             0x08005419   Thumb Code  1216  app_work.o(i.Pick_DirWork)
    Pick_Gui                                 0x080058d9   Thumb Code    52  app_gui.o(i.Pick_Gui)
    Pre_read_next                            0x0800590d   Thumb Code   196  app_work.o(i.Pre_read_next)
    RCC_AHBPeriphClockCmd                    0x080059d1   Thumb Code    26  stm32f10x_rcc.o(i.RCC_AHBPeriphClockCmd)
    RCC_APB1PeriphClockCmd                   0x080059f1   Thumb Code    26  stm32f10x_rcc.o(i.RCC_APB1PeriphClockCmd)
    RCC_APB1PeriphResetCmd                   0x08005a11   Thumb Code    26  stm32f10x_rcc.o(i.RCC_APB1PeriphResetCmd)
    RCC_APB2PeriphClockCmd                   0x08005a31   Thumb Code    26  stm32f10x_rcc.o(i.RCC_APB2PeriphClockCmd)
    RCC_APB2PeriphResetCmd                   0x08005a51   Thumb Code    26  stm32f10x_rcc.o(i.RCC_APB2PeriphResetCmd)
    RCC_BackupResetCmd                       0x08005a71   Thumb Code     6  stm32f10x_rcc.o(i.RCC_BackupResetCmd)
    RCC_GetClocksFreq                        0x08005a7d   Thumb Code   192  stm32f10x_rcc.o(i.RCC_GetClocksFreq)
    RCC_GetFlagStatus                        0x08005b51   Thumb Code    56  stm32f10x_rcc.o(i.RCC_GetFlagStatus)
    RCC_LSEConfig                            0x08005b8d   Thumb Code    46  stm32f10x_rcc.o(i.RCC_LSEConfig)
    RCC_RTCCLKCmd                            0x08005bc1   Thumb Code     6  stm32f10x_rcc.o(i.RCC_RTCCLKCmd)
    RCC_RTCCLKConfig                         0x08005bcd   Thumb Code    12  stm32f10x_rcc.o(i.RCC_RTCCLKConfig)
    RTC_ClearITPendingBit                    0x08005bdd   Thumb Code    12  stm32f10x_rtc.o(i.RTC_ClearITPendingBit)
    RTC_Config                               0x08005bed   Thumb Code    96  rtc.o(i.RTC_Config)
    RTC_EnterConfigMode                      0x08005c4d   Thumb Code    14  stm32f10x_rtc.o(i.RTC_EnterConfigMode)
    RTC_ExitConfigMode                       0x08005c61   Thumb Code    16  stm32f10x_rtc.o(i.RTC_ExitConfigMode)
    RTC_GetCounter                           0x08005c75   Thumb Code    16  stm32f10x_rtc.o(i.RTC_GetCounter)
    RTC_GetFlagStatus                        0x08005c89   Thumb Code    20  stm32f10x_rtc.o(i.RTC_GetFlagStatus)
    RTC_GetTime                              0x08005ca1   Thumb Code    22  rtc.o(i.RTC_GetTime)
    RTC_GetYearState                         0x08005cb7   Thumb Code    42  rtc.o(i.RTC_GetYearState)
    RTC_IRQHandler                           0x08005ce1   Thumb Code    38  rtc.o(i.RTC_IRQHandler)
    RTC_ITConfig                             0x08005d0d   Thumb Code    26  stm32f10x_rtc.o(i.RTC_ITConfig)
    RTC_NVIC_Config                          0x08005d2d   Thumb Code    46  rtc.o(i.RTC_NVIC_Config)
    RTC_SetAlarm                             0x08005d5d   Thumb Code    24  stm32f10x_rtc.o(i.RTC_SetAlarm)
    RTC_SetCounter                           0x08005d79   Thumb Code    24  stm32f10x_rtc.o(i.RTC_SetCounter)
    RTC_SetPrescaler                         0x08005d95   Thumb Code    26  stm32f10x_rtc.o(i.RTC_SetPrescaler)
    RTC_WaitForLastTask                      0x08005db5   Thumb Code    16  stm32f10x_rtc.o(i.RTC_WaitForLastTask)
    RTC_WaitForSynchro                       0x08005dc9   Thumb Code    30  stm32f10x_rtc.o(i.RTC_WaitForSynchro)
    Read_Ctrl                                0x08005ded   Thumb Code  1442  app_control.o(i.Read_Ctrl)
    Read_Ctrl_Clear                          0x08006395   Thumb Code    44  app_control.o(i.Read_Ctrl_Clear)
    Read_Gui                                 0x080063c5   Thumb Code   256  app_gui.o(i.Read_Gui)
    Read_Work                                0x080064dd   Thumb Code   636  app_work.o(i.Read_Work)
    Reading_progress                         0x08006815   Thumb Code   608  app_work.o(i.Reading_progress)
    SDEnWideBus                              0x08006afd   Thumb Code   158  sdio_sdcard.o(i.SDEnWideBus)
    SDIO_ClearFlag                           0x08006ba9   Thumb Code     6  stm32f10x_sdio.o(i.SDIO_ClearFlag)
    SDIO_ClockCmd                            0x08006bb5   Thumb Code     6  stm32f10x_sdio.o(i.SDIO_ClockCmd)
    SDIO_Clock_Set                           0x08006bc1   Thumb Code    16  sdio_sdcard.o(i.SDIO_Clock_Set)
    SDIO_DMACmd                              0x08006bd5   Thumb Code     6  stm32f10x_sdio.o(i.SDIO_DMACmd)
    SDIO_DataConfig                          0x08006be1   Thumb Code    42  stm32f10x_sdio.o(i.SDIO_DataConfig)
    SDIO_DeInit                              0x08006c11   Thumb Code    28  stm32f10x_sdio.o(i.SDIO_DeInit)
    SDIO_GetFlagStatus                       0x08006c35   Thumb Code    20  stm32f10x_sdio.o(i.SDIO_GetFlagStatus)
    SDIO_GetPowerState                       0x08006c4d   Thumb Code    10  stm32f10x_sdio.o(i.SDIO_GetPowerState)
    SDIO_IRQHandler                          0x08006c5d   Thumb Code     8  sdio_sdcard.o(i.SDIO_IRQHandler)
    SDIO_Init                                0x08006c65   Thumb Code    42  stm32f10x_sdio.o(i.SDIO_Init)
    SDIO_ReadData                            0x08006c95   Thumb Code     6  stm32f10x_sdio.o(i.SDIO_ReadData)
    SDIO_SendCommand                         0x08006ca1   Thumb Code    38  stm32f10x_sdio.o(i.SDIO_SendCommand)
    SDIO_SetPowerState                       0x08006ccd   Thumb Code    22  stm32f10x_sdio.o(i.SDIO_SetPowerState)
    SDIO_WriteData                           0x08006ce9   Thumb Code     6  stm32f10x_sdio.o(i.SDIO_WriteData)
    SD_DMA_Config                            0x08006cf5   Thumb Code    94  sdio_sdcard.o(i.SD_DMA_Config)
    SD_EnableWideBusOperation                0x08006d5d   Thumb Code    94  sdio_sdcard.o(i.SD_EnableWideBusOperation)
    SD_GetCardInfo                           0x08006dc5   Thumb Code   772  sdio_sdcard.o(i.SD_GetCardInfo)
    SD_Init                                  0x080070d9   Thumb Code   238  sdio_sdcard.o(i.SD_Init)
    SD_InitializeCards                       0x080071d9   Thumb Code   316  sdio_sdcard.o(i.SD_InitializeCards)
    SD_PowerON                               0x0800732d   Thumb Code   450  sdio_sdcard.o(i.SD_PowerON)
    SD_ProcessIRQSrc                         0x08007509   Thumb Code   296  sdio_sdcard.o(i.SD_ProcessIRQSrc)
    SD_ReadBlock                             0x08007645   Thumb Code   558  sdio_sdcard.o(i.SD_ReadBlock)
    SD_ReadDisk                              0x0800789d   Thumb Code   148  sdio_sdcard.o(i.SD_ReadDisk)
    SD_ReadMultiBlocks                       0x08007935   Thumb Code   698  sdio_sdcard.o(i.SD_ReadMultiBlocks)
    SD_SelectDeselect                        0x08007c1d   Thumb Code    42  sdio_sdcard.o(i.SD_SelectDeselect)
    SD_SetDeviceMode                         0x08007c4d   Thumb Code    20  sdio_sdcard.o(i.SD_SetDeviceMode)
    SD_WriteBlock                            0x08007c65   Thumb Code   844  sdio_sdcard.o(i.SD_WriteBlock)
    SD_WriteDisk                             0x08007fd9   Thumb Code   148  sdio_sdcard.o(i.SD_WriteDisk)
    SD_WriteMultiBlocks                      0x08008071   Thumb Code   920  sdio_sdcard.o(i.SD_WriteMultiBlocks)
    SPI2_Init                                0x08008431   Thumb Code   140  spi.o(i.SPI2_Init)
    SPI2_ReadWriteByte                       0x080084c5   Thumb Code    78  spi.o(i.SPI2_ReadWriteByte)
    SPI2_SetSpeed                            0x08008519   Thumb Code    36  spi.o(i.SPI2_SetSpeed)
    SPI_Cmd                                  0x08008541   Thumb Code    24  stm32f10x_spi.o(i.SPI_Cmd)
    SPI_I2S_GetFlagStatus                    0x08008559   Thumb Code    18  stm32f10x_spi.o(i.SPI_I2S_GetFlagStatus)
    SPI_I2S_ReceiveData                      0x0800856b   Thumb Code     6  stm32f10x_spi.o(i.SPI_I2S_ReceiveData)
    SPI_I2S_SendData                         0x08008571   Thumb Code     4  stm32f10x_spi.o(i.SPI_I2S_SendData)
    SPI_Init                                 0x08008575   Thumb Code    60  stm32f10x_spi.o(i.SPI_Init)
    STM32_NVIC_SetPriority                   0x080085b1   Thumb Code    48  sys.o(i.STM32_NVIC_SetPriority)
    SecTime_NormTime                         0x080085e1   Thumb Code   302  rtc.o(i.SecTime_NormTime)
    Show_TXT                                 0x0800880d   Thumb Code   602  app_work.o(i.Show_TXT)
    Show_cFont                               0x08008add   Thumb Code   204  text.o(i.Show_cFont)
    Show_cStr                                0x08008bad   Thumb Code   198  text.o(i.Show_cStr)
    StartFont                                0x08008c75   Thumb Code   134  app_gui.o(i.StartFont)
    Strat_Gui                                0x08008d05   Thumb Code   300  app_gui.o(i.Strat_Gui)
    Strat_Work                               0x08008e7d   Thumb Code   330  app_work.o(i.Strat_Work)
    SysTick_CLKSourceConfig                  0x08009051   Thumb Code    40  misc.o(i.SysTick_CLKSourceConfig)
    SystemInit                               0x08009079   Thumb Code    78  system_stm32f10x.o(i.SystemInit)
    TIM2_IRQHandler                          0x080090d9   Thumb Code    38  timer.o(i.TIM2_IRQHandler)
    TIM_ClearFlag                            0x08009105   Thumb Code     6  stm32f10x_tim.o(i.TIM_ClearFlag)
    TIM_ClearITPendingBit                    0x0800910b   Thumb Code     6  stm32f10x_tim.o(i.TIM_ClearITPendingBit)
    TIM_Cmd                                  0x08009111   Thumb Code    24  stm32f10x_tim.o(i.TIM_Cmd)
    TIM_DeInit                               0x08009129   Thumb Code   424  stm32f10x_tim.o(i.TIM_DeInit)
    TIM_GetITStatus                          0x08009311   Thumb Code    34  stm32f10x_tim.o(i.TIM_GetITStatus)
    TIM_ITConfig                             0x08009333   Thumb Code    18  stm32f10x_tim.o(i.TIM_ITConfig)
    TIM_SetCounter                           0x08009345   Thumb Code     4  stm32f10x_tim.o(i.TIM_SetCounter)
    TIM_TimeBaseInit                         0x08009349   Thumb Code   122  stm32f10x_tim.o(i.TIM_TimeBaseInit)
    TIMx_Current_Config                      0x080093ed   Thumb Code   116  timer.o(i.TIMx_Current_Config)
    TIMx_Current_NVIC_Config                 0x08009469   Thumb Code    94  timer.o(i.TIMx_Current_NVIC_Config)
    USART1_GPIO_Config                       0x080094d1   Thumb Code    64  usart.o(i.USART1_GPIO_Config)
    USART1_IRQHandler                        0x08009515   Thumb Code    64  usart.o(i.USART1_IRQHandler)
    USART2_GPIO_Config                       0x08009565   Thumb Code    58  usart.o(i.USART2_GPIO_Config)
    USART3_GPIO_Config                       0x080095a9   Thumb Code    62  usart.o(i.USART3_GPIO_Config)
    USART_Cmd                                0x080095f5   Thumb Code    24  stm32f10x_usart.o(i.USART_Cmd)
    USART_GetFlagStatus                      0x0800960d   Thumb Code    26  stm32f10x_usart.o(i.USART_GetFlagStatus)
    USART_ITConfig                           0x08009627   Thumb Code    74  stm32f10x_usart.o(i.USART_ITConfig)
    USART_Init                               0x08009671   Thumb Code   210  stm32f10x_usart.o(i.USART_Init)
    USART_ReceiveData                        0x08009749   Thumb Code    10  stm32f10x_usart.o(i.USART_ReceiveData)
    USART_SendData                           0x08009753   Thumb Code     8  stm32f10x_usart.o(i.USART_SendData)
    USARTx_Config                            0x0800975d   Thumb Code    98  usart.o(i.USARTx_Config)
    USARTx_NVIC_Config                       0x080097cd   Thumb Code    88  usart.o(i.USARTx_NVIC_Config)
    USARTx_SendByte                          0x08009831   Thumb Code    30  usart.o(i.USARTx_SendByte)
    W25QXX_Erase_Sector                      0x08009851   Thumb Code    70  w25qxx.o(i.W25QXX_Erase_Sector)
    W25QXX_Init                              0x080098a9   Thumb Code    74  w25qxx.o(i.W25QXX_Init)
    W25QXX_Read                              0x08009901   Thumb Code    74  w25qxx.o(i.W25QXX_Read)
    W25QXX_ReadID                            0x08009951   Thumb Code    64  w25qxx.o(i.W25QXX_ReadID)
    W25QXX_ReadSR                            0x08009999   Thumb Code    36  w25qxx.o(i.W25QXX_ReadSR)
    W25QXX_Wait_Busy                         0x080099c5   Thumb Code    18  w25qxx.o(i.W25QXX_Wait_Busy)
    W25QXX_Write                             0x080099d9   Thumb Code   180  w25qxx.o(i.W25QXX_Write)
    W25QXX_Write_Enable                      0x08009a91   Thumb Code    24  w25qxx.o(i.W25QXX_Write_Enable)
    W25QXX_Write_NoCheck                     0x08009ab1   Thumb Code    70  w25qxx.o(i.W25QXX_Write_NoCheck)
    W25QXX_Write_Page                        0x08009af9   Thumb Code    80  w25qxx.o(i.W25QXX_Write_Page)
    __0printf                                0x08009b4d   Thumb Code    22  printfa.o(i.__0printf)
    __1printf                                0x08009b4d   Thumb Code     0  printfa.o(i.__0printf)
    __2printf                                0x08009b4d   Thumb Code     0  printfa.o(i.__0printf)
    __c89printf                              0x08009b4d   Thumb Code     0  printfa.o(i.__0printf)
    printf                                   0x08009b4d   Thumb Code     0  printfa.o(i.__0printf)
    __0sprintf                               0x08009b6d   Thumb Code    34  printfa.o(i.__0sprintf)
    __1sprintf                               0x08009b6d   Thumb Code     0  printfa.o(i.__0sprintf)
    __2sprintf                               0x08009b6d   Thumb Code     0  printfa.o(i.__0sprintf)
    __c89sprintf                             0x08009b6d   Thumb Code     0  printfa.o(i.__0sprintf)
    sprintf                                  0x08009b6d   Thumb Code     0  printfa.o(i.__0sprintf)
    __scatterload_copy                       0x08009b95   Thumb Code    14  handlers.o(i.__scatterload_copy)
    __scatterload_null                       0x08009ba3   Thumb Code     2  handlers.o(i.__scatterload_null)
    __scatterload_zeroinit                   0x08009ba5   Thumb Code    14  handlers.o(i.__scatterload_zeroinit)
    app_main                                 0x0800a471   Thumb Code    46  app_main.o(i.app_main)
    clust2sect                               0x0800a587   Thumb Code    26  ff.o(i.clust2sect)
    convert_from_bytes_to_power_of_two       0x0800a641   Thumb Code    18  sdio_sdcard.o(i.convert_from_bytes_to_power_of_two)
    disk_initialize                          0x0800ae7d   Thumb Code    52  diskio.o(i.disk_initialize)
    disk_ioctl                               0x0800aeb5   Thumb Code   170  diskio.o(i.disk_ioctl)
    disk_read                                0x0800af69   Thumb Code   122  diskio.o(i.disk_read)
    disk_status                              0x0800afe3   Thumb Code     6  diskio.o(i.disk_status)
    disk_write                               0x0800afe9   Thumb Code   122  diskio.o(i.disk_write)
    f_close                                  0x0800b063   Thumb Code    32  ff.o(i.f_close)
    f_closedir                               0x0800b083   Thumb Code    22  ff.o(i.f_closedir)
    f_lseek                                  0x0800b099   Thumb Code   684  ff.o(i.f_lseek)
    f_mount                                  0x0800b345   Thumb Code    86  ff.o(i.f_mount)
    f_open                                   0x0800b3a1   Thumb Code   404  ff.o(i.f_open)
    f_opendir                                0x0800b535   Thumb Code   134  ff.o(i.f_opendir)
    f_read                                   0x0800b5bb   Thumb Code   432  ff.o(i.f_read)
    f_readdir                                0x0800b76b   Thumb Code   112  ff.o(i.f_readdir)
    f_sync                                   0x0800b7db   Thumb Code   176  ff.o(i.f_sync)
    f_write                                  0x0800b88b   Thumb Code   490  ff.o(i.f_write)
    ff_convert                               0x0800ba75   Thumb Code   146  cc936.o(i.ff_convert)
    ff_memalloc                              0x0800bb0d   Thumb Code    12  diskio.o(i.ff_memalloc)
    ff_memfree                               0x0800bb19   Thumb Code    12  diskio.o(i.ff_memfree)
    ff_wtoupper                              0x0800bb25   Thumb Code    46  cc936.o(i.ff_wtoupper)
    font_init                                0x0800c001   Thumb Code    62  fontupd.o(i.font_init)
    fputc                                    0x0800c045   Thumb Code    18  usart.o(i.fputc)
    free                                     0x0800c05d   Thumb Code    76  malloc.o(i.free)
    fupd_prog                                0x0800c0ad   Thumb Code   134  fontupd.o(i.fupd_prog)
    get_fat                                  0x0800c209   Thumb Code   242  ff.o(i.get_fat)
    get_fattime                              0x0800c2fd   Thumb Code    58  diskio.o(i.get_fattime)
    gui_0                                    0x0800c495   Thumb Code    94  app_gui.o(i.gui_0)
    gui_1                                    0x0800c4f3   Thumb Code    54  app_gui.o(i.gui_1)
    gui_2                                    0x0800c529   Thumb Code   228  app_gui.o(i.gui_2)
    gui_3                                    0x0800c619   Thumb Code    56  app_gui.o(i.gui_3)
    gui_4                                    0x0800c651   Thumb Code    56  app_gui.o(i.gui_4)
    gui_5                                    0x0800c689   Thumb Code    66  app_gui.o(i.gui_5)
    gui_6                                    0x0800c6d5   Thumb Code    62  app_gui.o(i.gui_6)
    gui_7                                    0x0800c71d   Thumb Code   146  app_gui.o(i.gui_7)
    gui_draw_hline                           0x0800c7bd   Thumb Code    36  app_gui.o(i.gui_draw_hline)
    gui_fill_circle                          0x0800c7e1   Thumb Code   176  app_gui.o(i.gui_fill_circle)
    main                                     0x0800c8b1   Thumb Code   112  main.o(i.main)
    malloc                                   0x0800c929   Thumb Code    92  malloc.o(i.malloc)
    put_fat                                  0x0800ca9d   Thumb Code   322  ff.o(i.put_fat)
    updata_fontx                             0x0800cd95   Thumb Code   402  fontupd.o(i.updata_fontx)
    update_font                              0x0800cf2d   Thumb Code   990  fontupd.o(i.update_font)
    asc2_1206                                0x0800d3fa   Data        1140  lcd.o(.constdata)
    asc2_1608                                0x0800d86e   Data        1520  lcd.o(.constdata)
    asc2_2412                                0x0800de5e   Data        3420  lcd.o(.constdata)
    asc2_3216                                0x0800ebba   Data        6080  lcd.o(.constdata)
    asc2_4824                                0x0801037a   Data       13680  lcd.o(.constdata)
    GT9147_CFG_TBL                           0x080138ea   Data         184  gt9147.o(.constdata)
    GT9147_TPX_TBL                           0x080139a2   Data          10  gt9147.o(.constdata)
    GBK64_PATH                               0x08013da8   Data           4  fontupd.o(.constdata)
    GBK56_PATH                               0x08013dac   Data           4  fontupd.o(.constdata)
    GBK48_PATH                               0x08013db0   Data           4  fontupd.o(.constdata)
    GBK32_PATH                               0x08013db4   Data           4  fontupd.o(.constdata)
    GBK24_PATH                               0x08013db8   Data           4  fontupd.o(.constdata)
    GBK16_PATH                               0x08013dbc   Data           4  fontupd.o(.constdata)
    GBK12_PATH                               0x08013dc0   Data           4  fontupd.o(.constdata)
    UNIGBK_PATH                              0x08013dc4   Data           4  fontupd.o(.constdata)
    start_font                               0x08013dc8   Data        2048  app_gui.o(.constdata)
    Region$$Table$$Base                      0x08014728   Number         0  anon$$obj.o(Region$$Table)
    Region$$Table$$Limit                     0x08014748   Number         0  anon$$obj.o(Region$$Table)
    USART1_RX_FLAG                           0x20000000   Data           1  usart.o(.data)
    USART1_RX_COUNT                          0x20000004   Data           4  usart.o(.data)
    USART2_RX_FLAG                           0x20000008   Data           1  usart.o(.data)
    USART2_RX_COUNT                          0x2000000c   Data           4  usart.o(.data)
    USART3_RX_FLAG                           0x20000010   Data           1  usart.o(.data)
    USART3_RX_COUNT                          0x20000014   Data           4  usart.o(.data)
    POINT_COLOR                              0x2000007c   Data           2  lcd.o(.data)
    BACK_COLOR                               0x2000007e   Data           2  lcd.o(.data)
    W25QXX_TYPE                              0x20000080   Data           2  w25qxx.o(.data)
    TransferError                            0x2000008e   Data           1  sdio_sdcard.o(.data)
    TransferEnd                              0x2000008f   Data           1  sdio_sdcard.o(.data)
    tempbuff                                 0x20000090   Data           4  sdio_sdcard.o(.data)
    FLASH_SECTOR_COUNT                       0x20000096   Data           2  diskio.o(.data)
    SystemCoreClock                          0x200000b4   Data           4  system_stm32f10x.o(.data)
    AHBPrescTable                            0x200000b8   Data          16  system_stm32f10x.o(.data)
    __stdout                                 0x200000c8   Data           4  stdout.o(.data)
    __microlib_freelist                      0x200000cc   Data           4  mvars.o(.data)
    __microlib_freelist_initialised          0x200000d0   Data           4  mvars.o(.data)
    USART1_RX_BUFF                           0x200000d4   Data          64  usart.o(.bss)
    USART2_RX_BUFF                           0x20000114   Data          64  usart.o(.bss)
    USART3_RX_BUFF                           0x20000154   Data          64  usart.o(.bss)
    RTC_Time                                 0x20000194   Data          12  rtc.o(.bss)
    lcddev                                   0x200001a0   Data          14  lcd.o(.bss)
    W25QXX_BUFFER                            0x200001ae   Data        4096  w25qxx.o(.bss)
    SDIO_InitStructure                       0x200011b0   Data          24  sdio_sdcard.o(.bss)
    SDIO_CmdInitStructure                    0x200011c8   Data          20  sdio_sdcard.o(.bss)
    SDIO_DataInitStructure                   0x200011dc   Data          24  sdio_sdcard.o(.bss)
    SDCardInfo                               0x20001218   Data          88  sdio_sdcard.o(.bss)
    SDIO_DATA_BUFFER                         0x20001270   Data         512  sdio_sdcard.o(.bss)
    tp_dev                                   0x20001470   Data          22  gt9147.o(.bss)
    ftinfo                                   0x20001486   Data          49  fontupd.o(.bss)
    fs                                       0x200014b8   Data         560  app_work.o(.bss)
    file                                     0x200016e8   Data         552  app_work.o(.bss)
    dir                                      0x20001910   Data          36  app_work.o(.bss)
    read_config                              0x20001934   Data          20  app_work.o(.bss)
    __heap_base                              0x20001948   Data           0  startup_stm32f10x_hd.o(HEAP)
    __heap_limit                             0x20009948   Data           0  startup_stm32f10x_hd.o(HEAP)
    __initial_sp                             0x2000d948   Data           0  startup_stm32f10x_hd.o(STACK)



==============================================================================

Memory Map of the image

  Image Entry point : 0x08000131

  Load Region LR_IROM1 (Base: 0x08000000, Size: 0x0001481c, Max: 0x00080000, ABSOLUTE)

    Execution Region ER_IROM1 (Exec base: 0x08000000, Load base: 0x08000000, Size: 0x00014748, Max: 0x00080000, ABSOLUTE)

    Exec Addr    Load Addr    Size         Type   Attr      Idx    E Section Name        Object

    0x08000000   0x08000000   0x00000130   Data   RO         4605    RESET               startup_stm32f10x_hd.o
    0x08000130   0x08000130   0x00000000   Code   RO         4672  * .ARM.Collect$$$$00000000  mc_w.l(entry.o)
    0x08000130   0x08000130   0x00000004   Code   RO         5038    .ARM.Collect$$$$00000001  mc_w.l(entry2.o)
    0x08000134   0x08000134   0x00000004   Code   RO         5041    .ARM.Collect$$$$00000004  mc_w.l(entry5.o)
    0x08000138   0x08000138   0x00000000   Code   RO         5043    .ARM.Collect$$$$00000008  mc_w.l(entry7b.o)
    0x08000138   0x08000138   0x00000000   Code   RO         5045    .ARM.Collect$$$$0000000A  mc_w.l(entry8b.o)
    0x08000138   0x08000138   0x00000008   Code   RO         5046    .ARM.Collect$$$$0000000B  mc_w.l(entry9a.o)
    0x08000140   0x08000140   0x00000000   Code   RO         5048    .ARM.Collect$$$$0000000D  mc_w.l(entry10a.o)
    0x08000140   0x08000140   0x00000000   Code   RO         5050    .ARM.Collect$$$$0000000F  mc_w.l(entry11a.o)
    0x08000140   0x08000140   0x00000004   Code   RO         5039    .ARM.Collect$$$$00002712  mc_w.l(entry2.o)
    0x08000144   0x08000144   0x00000024   Code   RO         4606    .text               startup_stm32f10x_hd.o
    0x08000168   0x08000168   0x00000062   Code   RO         4675    .text               mc_w.l(ldiv.o)
    0x080001ca   0x080001ca   0x00000024   Code   RO         4677    .text               mc_w.l(memcpya.o)
    0x080001ee   0x080001ee   0x00000024   Code   RO         4679    .text               mc_w.l(memseta.o)
    0x08000212   0x08000212   0x00000018   Code   RO         4681    .text               mc_w.l(strcat.o)
    0x0800022a   0x0800022a   0x0000000e   Code   RO         4683    .text               mc_w.l(strlen.o)
    0x08000238   0x08000238   0x0000001c   Code   RO         4685    .text               mc_w.l(strcmp.o)
    0x08000254   0x08000254   0x00000012   Code   RO         4687    .text               mc_w.l(strcpy.o)
    0x08000266   0x08000266   0x000000b0   Code   RO         4980    .text               mf_w.l(fadd.o)
    0x08000316   0x08000316   0x00000064   Code   RO         4982    .text               mf_w.l(fmul.o)
    0x0800037a   0x0800037a   0x0000007c   Code   RO         4984    .text               mf_w.l(fdiv.o)
    0x080003f6   0x080003f6   0x0000014e   Code   RO         4986    .text               mf_w.l(dadd.o)
    0x08000544   0x08000544   0x000000e4   Code   RO         4988    .text               mf_w.l(dmul.o)
    0x08000628   0x08000628   0x000000de   Code   RO         4990    .text               mf_w.l(ddiv.o)
    0x08000706   0x08000706   0x0000000a   Code   RO         4992    .text               mf_w.l(ffltui.o)
    0x08000710   0x08000710   0x00000022   Code   RO         4994    .text               mf_w.l(dflti.o)
    0x08000732   0x08000732   0x0000001a   Code   RO         4996    .text               mf_w.l(dfltui.o)
    0x0800074c   0x0800074c   0x00000028   Code   RO         4998    .text               mf_w.l(ffixui.o)
    0x08000774   0x08000774   0x00000032   Code   RO         5002    .text               mf_w.l(dfixui.o)
    0x080007a6   0x080007a6   0x00000026   Code   RO         5004    .text               mf_w.l(f2d.o)
    0x080007cc   0x080007cc   0x00000038   Code   RO         5006    .text               mf_w.l(d2f.o)
    0x08000804   0x08000804   0x00000014   Code   RO         5008    .text               mf_w.l(cfcmple.o)
    0x08000818   0x08000818   0x0000002c   Code   RO         5053    .text               mc_w.l(uidiv.o)
    0x08000844   0x08000844   0x00000062   Code   RO         5055    .text               mc_w.l(uldiv.o)
    0x080008a6   0x080008a6   0x0000001e   Code   RO         5057    .text               mc_w.l(llshl.o)
    0x080008c4   0x080008c4   0x00000020   Code   RO         5059    .text               mc_w.l(llushr.o)
    0x080008e4   0x080008e4   0x00000024   Code   RO         5061    .text               mc_w.l(llsshr.o)
    0x08000908   0x08000908   0x00000000   Code   RO         5072    .text               mc_w.l(iusefp.o)
    0x08000908   0x08000908   0x0000006e   Code   RO         5073    .text               mf_w.l(fepilogue.o)
    0x08000976   0x08000976   0x000000ba   Code   RO         5075    .text               mf_w.l(depilogue.o)
    0x08000a30   0x08000a30   0x00000030   Code   RO         5077    .text               mf_w.l(dfixul.o)
    0x08000a60   0x08000a60   0x00000030   Code   RO         5079    .text               mf_w.l(cdrcmple.o)
    0x08000a90   0x08000a90   0x00000024   Code   RO         5085    .text               mc_w.l(init.o)
    0x08000ab4   0x08000ab4   0x00000038   Code   RO          384    i.BEEP_GPIO_Config  beep.o
    0x08000aec   0x08000aec   0x00000010   Code   RO         2432    i.BKP_DeInit        stm32f10x_bkp.o
    0x08000afc   0x08000afc   0x0000000a   Code   RO         1237    i.CT_Delay          ctiic.o
    0x08000b06   0x08000b06   0x00000002   PAD
    0x08000b08   0x08000b08   0x00000054   Code   RO         1238    i.CT_IIC_Ack        ctiic.o
    0x08000b5c   0x08000b5c   0x00000050   Code   RO         1239    i.CT_IIC_Init       ctiic.o
    0x08000bac   0x08000bac   0x00000054   Code   RO         1240    i.CT_IIC_NAck       ctiic.o
    0x08000c00   0x08000c00   0x00000070   Code   RO         1241    i.CT_IIC_Read_Byte  ctiic.o
    0x08000c70   0x08000c70   0x00000064   Code   RO         1242    i.CT_IIC_Send_Byte  ctiic.o
    0x08000cd4   0x08000cd4   0x0000004c   Code   RO         1243    i.CT_IIC_Start      ctiic.o
    0x08000d20   0x08000d20   0x00000048   Code   RO         1244    i.CT_IIC_Stop       ctiic.o
    0x08000d68   0x08000d68   0x0000006c   Code   RO         1245    i.CT_IIC_Wait_Ack   ctiic.o
    0x08000dd4   0x08000dd4   0x00000030   Code   RO          920    i.CmdError          sdio_sdcard.o
    0x08000e04   0x08000e04   0x00000060   Code   RO          921    i.CmdResp1Error     sdio_sdcard.o
    0x08000e64   0x08000e64   0x00000054   Code   RO          922    i.CmdResp2Error     sdio_sdcard.o
    0x08000eb8   0x08000eb8   0x00000038   Code   RO          923    i.CmdResp3Error     sdio_sdcard.o
    0x08000ef0   0x08000ef0   0x00000090   Code   RO          924    i.CmdResp6Error     sdio_sdcard.o
    0x08000f80   0x08000f80   0x0000004c   Code   RO          925    i.CmdResp7Error     sdio_sdcard.o
    0x08000fcc   0x08000fcc   0x00000018   Code   RO         2522    i.DMA_Cmd           stm32f10x_dma.o
    0x08000fe4   0x08000fe4   0x0000014c   Code   RO         2523    i.DMA_DeInit        stm32f10x_dma.o
    0x08001130   0x08001130   0x0000003c   Code   RO         2528    i.DMA_Init          stm32f10x_dma.o
    0x0800116c   0x0800116c   0x0000004c   Code   RO          273    i.DelayMs           delay.o
    0x080011b8   0x080011b8   0x0000004c   Code   RO          274    i.DelayUs           delay.o
    0x08001204   0x08001204   0x00000044   Code   RO          275    i.Delay_Init        delay.o
    0x08001248   0x08001248   0x00000034   Code   RO         2867    i.FSMC_NORSRAMCmd   stm32f10x_fsmc.o
    0x0800127c   0x0800127c   0x000000e6   Code   RO         2869    i.FSMC_NORSRAMInit  stm32f10x_fsmc.o
    0x08001362   0x08001362   0x00000002   PAD
    0x08001364   0x08001364   0x00000194   Code   RO          926    i.FindSCR           sdio_sdcard.o
    0x080014f8   0x080014f8   0x00000116   Code   RO         2994    i.GPIO_Init         stm32f10x_gpio.o
    0x0800160e   0x0800160e   0x00000004   Code   RO         3001    i.GPIO_ResetBits    stm32f10x_gpio.o
    0x08001612   0x08001612   0x00000004   Code   RO         3002    i.GPIO_SetBits      stm32f10x_gpio.o
    0x08001616   0x08001616   0x00000002   PAD
    0x08001618   0x08001618   0x00000140   Code   RO         1168    i.GT9147_Init       gt9147.o
    0x08001758   0x08001758   0x00000062   Code   RO         1169    i.GT9147_RD_Reg     gt9147.o
    0x080017ba   0x080017ba   0x00000002   PAD
    0x080017bc   0x080017bc   0x000001e4   Code   RO         1170    i.GT9147_Scan       gt9147.o
    0x080019a0   0x080019a0   0x0000005c   Code   RO         1171    i.GT9147_Send_Cfg   gt9147.o
    0x080019fc   0x080019fc   0x0000005c   Code   RO         1172    i.GT9147_WR_Reg     gt9147.o
    0x08001a58   0x08001a58   0x00000110   Code   RO         1794    i.Get_HzMat         text.o
    0x08001b68   0x08001b68   0x00000004   Code   RO          494    i.INTX_DISABLE      sys.o
    0x08001b6c   0x08001b6c   0x00000004   Code   RO          495    i.INTX_ENABLE       sys.o
    0x08001b70   0x08001b70   0x0000009c   Code   RO          927    i.IsCardProgramming  sdio_sdcard.o
    0x08001c0c   0x08001c0c   0x0000006c   Code   RO          565    i.LCD_Clear         lcd.o
    0x08001c78   0x08001c78   0x000001c0   Code   RO          569    i.LCD_Display_Dir   lcd.o
    0x08001e38   0x08001e38   0x000000b0   Code   RO          570    i.LCD_DrawLine      lcd.o
    0x08001ee8   0x08001ee8   0x00000024   Code   RO          571    i.LCD_DrawPoint     lcd.o
    0x08001f0c   0x08001f0c   0x0000003c   Code   RO          572    i.LCD_DrawRectangle  lcd.o
    0x08001f48   0x08001f48   0x0000017c   Code   RO          574    i.LCD_Fast_DrawPoint  lcd.o
    0x080020c4   0x080020c4   0x000000bc   Code   RO          575    i.LCD_Fill          lcd.o
    0x08002180   0x08002180   0x000011f4   Code   RO          576    i.LCD_Init          lcd.o
    0x08003374   0x08003374   0x00000016   Code   RO          577    i.LCD_Pow           lcd.o
    0x0800338a   0x0800338a   0x00000002   PAD
    0x0800338c   0x0800338c   0x00000014   Code   RO          578    i.LCD_RD_DATA       lcd.o
    0x080033a0   0x080033a0   0x00000016   Code   RO          580    i.LCD_ReadReg       lcd.o
    0x080033b6   0x080033b6   0x00000002   PAD
    0x080033b8   0x080033b8   0x000002ec   Code   RO          582    i.LCD_Scan_Dir      lcd.o
    0x080036a4   0x080036a4   0x000001a8   Code   RO          583    i.LCD_SetCursor     lcd.o
    0x0800384c   0x0800384c   0x00000154   Code   RO          585    i.LCD_ShowChar      lcd.o
    0x080039a0   0x080039a0   0x00000094   Code   RO          586    i.LCD_ShowNum       lcd.o
    0x08003a34   0x08003a34   0x00000066   Code   RO          587    i.LCD_ShowString    lcd.o
    0x08003a9a   0x08003a9a   0x00000002   PAD
    0x08003a9c   0x08003a9c   0x0000000c   Code   RO          589    i.LCD_WR_DATA       lcd.o
    0x08003aa8   0x08003aa8   0x0000000c   Code   RO          590    i.LCD_WR_REG        lcd.o
    0x08003ab4   0x08003ab4   0x00000014   Code   RO          592    i.LCD_WriteRAM_Prepare  lcd.o
    0x08003ac8   0x08003ac8   0x00000010   Code   RO          593    i.LCD_WriteReg      lcd.o
    0x08003ad8   0x08003ad8   0x00000150   Code   RO          594    i.LCD_cShowChar     lcd.o
    0x08003c28   0x08003c28   0x00000094   Code   RO          357    i.LED_GPIO_Config   led.o
    0x08003cbc   0x08003cbc   0x00000070   Code   RO         2148    i.NVIC_Init         misc.o
    0x08003d2c   0x08003d2c   0x00000014   Code   RO         2149    i.NVIC_PriorityGroupConfig  misc.o
    0x08003d40   0x08003d40   0x0000000c   Code   RO         3114    i.PWR_BackupAccessCmd  stm32f10x_pwr.o
    0x08003d4c   0x08003d4c   0x0000067c   Code   RO         2027    i.Pick_ConfigBackColorWork  app_work.o
    0x080043c8   0x080043c8   0x0000067c   Code   RO         2028    i.Pick_ConfigFontColorWork  app_work.o
    0x08004a44   0x08004a44   0x000005b0   Code   RO         2029    i.Pick_ConfigFontSizeWork  app_work.o
    0x08004ff4   0x08004ff4   0x00000424   Code   RO         2030    i.Pick_ConfigWork   app_work.o
    0x08005418   0x08005418   0x000004c0   Code   RO         2031    i.Pick_DirWork      app_work.o
    0x080058d8   0x080058d8   0x00000034   Code   RO         1904    i.Pick_Gui          app_gui.o
    0x0800590c   0x0800590c   0x000000c4   Code   RO         2032    i.Pre_read_next     app_work.o
    0x080059d0   0x080059d0   0x00000020   Code   RO         3187    i.RCC_AHBPeriphClockCmd  stm32f10x_rcc.o
    0x080059f0   0x080059f0   0x00000020   Code   RO         3188    i.RCC_APB1PeriphClockCmd  stm32f10x_rcc.o
    0x08005a10   0x08005a10   0x00000020   Code   RO         3189    i.RCC_APB1PeriphResetCmd  stm32f10x_rcc.o
    0x08005a30   0x08005a30   0x00000020   Code   RO         3190    i.RCC_APB2PeriphClockCmd  stm32f10x_rcc.o
    0x08005a50   0x08005a50   0x00000020   Code   RO         3191    i.RCC_APB2PeriphResetCmd  stm32f10x_rcc.o
    0x08005a70   0x08005a70   0x0000000c   Code   RO         3193    i.RCC_BackupResetCmd  stm32f10x_rcc.o
    0x08005a7c   0x08005a7c   0x000000d4   Code   RO         3198    i.RCC_GetClocksFreq  stm32f10x_rcc.o
    0x08005b50   0x08005b50   0x0000003c   Code   RO         3199    i.RCC_GetFlagStatus  stm32f10x_rcc.o
    0x08005b8c   0x08005b8c   0x00000034   Code   RO         3206    i.RCC_LSEConfig     stm32f10x_rcc.o
    0x08005bc0   0x08005bc0   0x0000000c   Code   RO         3213    i.RCC_RTCCLKCmd     stm32f10x_rcc.o
    0x08005bcc   0x08005bcc   0x00000010   Code   RO         3214    i.RCC_RTCCLKConfig  stm32f10x_rcc.o
    0x08005bdc   0x08005bdc   0x00000010   Code   RO         3399    i.RTC_ClearITPendingBit  stm32f10x_rtc.o
    0x08005bec   0x08005bec   0x00000060   Code   RO          412    i.RTC_Config        rtc.o
    0x08005c4c   0x08005c4c   0x00000014   Code   RO         3400    i.RTC_EnterConfigMode  stm32f10x_rtc.o
    0x08005c60   0x08005c60   0x00000014   Code   RO         3401    i.RTC_ExitConfigMode  stm32f10x_rtc.o
    0x08005c74   0x08005c74   0x00000014   Code   RO         3402    i.RTC_GetCounter    stm32f10x_rtc.o
    0x08005c88   0x08005c88   0x00000018   Code   RO         3404    i.RTC_GetFlagStatus  stm32f10x_rtc.o
    0x08005ca0   0x08005ca0   0x00000016   Code   RO          413    i.RTC_GetTime       rtc.o
    0x08005cb6   0x08005cb6   0x0000002a   Code   RO          414    i.RTC_GetYearState  rtc.o
    0x08005ce0   0x08005ce0   0x0000002c   Code   RO          415    i.RTC_IRQHandler    rtc.o
    0x08005d0c   0x08005d0c   0x00000020   Code   RO         3406    i.RTC_ITConfig      stm32f10x_rtc.o
    0x08005d2c   0x08005d2c   0x0000002e   Code   RO          416    i.RTC_NVIC_Config   rtc.o
    0x08005d5a   0x08005d5a   0x00000002   PAD
    0x08005d5c   0x08005d5c   0x0000001c   Code   RO         3407    i.RTC_SetAlarm      stm32f10x_rtc.o
    0x08005d78   0x08005d78   0x0000001c   Code   RO         3408    i.RTC_SetCounter    stm32f10x_rtc.o
    0x08005d94   0x08005d94   0x00000020   Code   RO         3409    i.RTC_SetPrescaler  stm32f10x_rtc.o
    0x08005db4   0x08005db4   0x00000014   Code   RO         3410    i.RTC_WaitForLastTask  stm32f10x_rtc.o
    0x08005dc8   0x08005dc8   0x00000024   Code   RO         3411    i.RTC_WaitForSynchro  stm32f10x_rtc.o
    0x08005dec   0x08005dec   0x000005a8   Code   RO         1859    i.Read_Ctrl         app_control.o
    0x08006394   0x08006394   0x00000030   Code   RO         1860    i.Read_Ctrl_Clear   app_control.o
    0x080063c4   0x080063c4   0x00000118   Code   RO         1905    i.Read_Gui          app_gui.o
    0x080064dc   0x080064dc   0x00000338   Code   RO         2033    i.Read_Work         app_work.o
    0x08006814   0x08006814   0x000002e8   Code   RO         2034    i.Reading_progress  app_work.o
    0x08006afc   0x08006afc   0x000000ac   Code   RO          928    i.SDEnWideBus       sdio_sdcard.o
    0x08006ba8   0x08006ba8   0x0000000c   Code   RO         3501    i.SDIO_ClearFlag    stm32f10x_sdio.o
    0x08006bb4   0x08006bb4   0x0000000c   Code   RO         3503    i.SDIO_ClockCmd     stm32f10x_sdio.o
    0x08006bc0   0x08006bc0   0x00000014   Code   RO          929    i.SDIO_Clock_Set    sdio_sdcard.o
    0x08006bd4   0x08006bd4   0x0000000c   Code   RO         3506    i.SDIO_DMACmd       stm32f10x_sdio.o
    0x08006be0   0x08006be0   0x00000030   Code   RO         3507    i.SDIO_DataConfig   stm32f10x_sdio.o
    0x08006c10   0x08006c10   0x00000024   Code   RO         3509    i.SDIO_DeInit       stm32f10x_sdio.o
    0x08006c34   0x08006c34   0x00000018   Code   RO         3513    i.SDIO_GetFlagStatus  stm32f10x_sdio.o
    0x08006c4c   0x08006c4c   0x00000010   Code   RO         3515    i.SDIO_GetPowerState  stm32f10x_sdio.o
    0x08006c5c   0x08006c5c   0x00000008   Code   RO          930    i.SDIO_IRQHandler   sdio_sdcard.o
    0x08006c64   0x08006c64   0x00000030   Code   RO         3518    i.SDIO_Init         stm32f10x_sdio.o
    0x08006c94   0x08006c94   0x0000000c   Code   RO         3519    i.SDIO_ReadData     stm32f10x_sdio.o
    0x08006ca0   0x08006ca0   0x0000002c   Code   RO         3521    i.SDIO_SendCommand  stm32f10x_sdio.o
    0x08006ccc   0x08006ccc   0x0000001c   Code   RO         3523    i.SDIO_SetPowerState  stm32f10x_sdio.o
    0x08006ce8   0x08006ce8   0x0000000c   Code   RO         3529    i.SDIO_WriteData    stm32f10x_sdio.o
    0x08006cf4   0x08006cf4   0x00000068   Code   RO          931    i.SD_DMA_Config     sdio_sdcard.o
    0x08006d5c   0x08006d5c   0x00000068   Code   RO          932    i.SD_EnableWideBusOperation  sdio_sdcard.o
    0x08006dc4   0x08006dc4   0x00000314   Code   RO          933    i.SD_GetCardInfo    sdio_sdcard.o
    0x080070d8   0x080070d8   0x00000100   Code   RO          935    i.SD_Init           sdio_sdcard.o
    0x080071d8   0x080071d8   0x00000154   Code   RO          936    i.SD_InitializeCards  sdio_sdcard.o
    0x0800732c   0x0800732c   0x000001dc   Code   RO          938    i.SD_PowerON        sdio_sdcard.o
    0x08007508   0x08007508   0x0000013c   Code   RO          939    i.SD_ProcessIRQSrc  sdio_sdcard.o
    0x08007644   0x08007644   0x00000258   Code   RO          940    i.SD_ReadBlock      sdio_sdcard.o
    0x0800789c   0x0800789c   0x00000098   Code   RO          941    i.SD_ReadDisk       sdio_sdcard.o
    0x08007934   0x08007934   0x000002e8   Code   RO          942    i.SD_ReadMultiBlocks  sdio_sdcard.o
    0x08007c1c   0x08007c1c   0x00000030   Code   RO          943    i.SD_SelectDeselect  sdio_sdcard.o
    0x08007c4c   0x08007c4c   0x00000018   Code   RO          945    i.SD_SetDeviceMode  sdio_sdcard.o
    0x08007c64   0x08007c64   0x00000374   Code   RO          946    i.SD_WriteBlock     sdio_sdcard.o
    0x08007fd8   0x08007fd8   0x00000098   Code   RO          947    i.SD_WriteDisk      sdio_sdcard.o
    0x08008070   0x08008070   0x000003c0   Code   RO          948    i.SD_WriteMultiBlocks  sdio_sdcard.o
    0x08008430   0x08008430   0x00000094   Code   RO         1129    i.SPI2_Init         spi.o
    0x080084c4   0x080084c4   0x00000054   Code   RO         1130    i.SPI2_ReadWriteByte  spi.o
    0x08008518   0x08008518   0x00000028   Code   RO         1131    i.SPI2_SetSpeed     spi.o
    0x08008540   0x08008540   0x00000018   Code   RO         3703    i.SPI_Cmd           stm32f10x_spi.o
    0x08008558   0x08008558   0x00000012   Code   RO         3711    i.SPI_I2S_GetFlagStatus  stm32f10x_spi.o
    0x0800856a   0x0800856a   0x00000006   Code   RO         3714    i.SPI_I2S_ReceiveData  stm32f10x_spi.o
    0x08008570   0x08008570   0x00000004   Code   RO         3715    i.SPI_I2S_SendData  stm32f10x_spi.o
    0x08008574   0x08008574   0x0000003c   Code   RO         3716    i.SPI_Init          stm32f10x_spi.o
    0x080085b0   0x080085b0   0x00000030   Code   RO          496    i.STM32_NVIC_SetPriority  sys.o
    0x080085e0   0x080085e0   0x00000144   Code   RO          419    i.SecTime_NormTime  rtc.o
    0x08008724   0x08008724   0x00000008   Code   RO         4613    i.SetSysClock       system_stm32f10x.o
    0x0800872c   0x0800872c   0x000000e0   Code   RO         4614    i.SetSysClockTo72   system_stm32f10x.o
    0x0800880c   0x0800880c   0x000002d0   Code   RO         2035    i.Show_TXT          app_work.o
    0x08008adc   0x08008adc   0x000000d0   Code   RO         1798    i.Show_cFont        text.o
    0x08008bac   0x08008bac   0x000000c6   Code   RO         1799    i.Show_cStr         text.o
    0x08008c72   0x08008c72   0x00000002   PAD
    0x08008c74   0x08008c74   0x00000090   Code   RO         1906    i.StartFont         app_gui.o
    0x08008d04   0x08008d04   0x00000178   Code   RO         1907    i.Strat_Gui         app_gui.o
    0x08008e7c   0x08008e7c   0x000001d4   Code   RO         2036    i.Strat_Work        app_work.o
    0x08009050   0x08009050   0x00000028   Code   RO         2152    i.SysTick_CLKSourceConfig  misc.o
    0x08009078   0x08009078   0x00000060   Code   RO         4616    i.SystemInit        system_stm32f10x.o
    0x080090d8   0x080090d8   0x0000002c   Code   RO          314    i.TIM2_IRQHandler   timer.o
    0x08009104   0x08009104   0x00000006   Code   RO         3864    i.TIM_ClearFlag     stm32f10x_tim.o
    0x0800910a   0x0800910a   0x00000006   Code   RO         3865    i.TIM_ClearITPendingBit  stm32f10x_tim.o
    0x08009110   0x08009110   0x00000018   Code   RO         3870    i.TIM_Cmd           stm32f10x_tim.o
    0x08009128   0x08009128   0x000001e8   Code   RO         3875    i.TIM_DeInit        stm32f10x_tim.o
    0x08009310   0x08009310   0x00000022   Code   RO         3891    i.TIM_GetITStatus   stm32f10x_tim.o
    0x08009332   0x08009332   0x00000012   Code   RO         3895    i.TIM_ITConfig      stm32f10x_tim.o
    0x08009344   0x08009344   0x00000004   Code   RO         3935    i.TIM_SetCounter    stm32f10x_tim.o
    0x08009348   0x08009348   0x000000a4   Code   RO         3941    i.TIM_TimeBaseInit  stm32f10x_tim.o
    0x080093ec   0x080093ec   0x0000007c   Code   RO          315    i.TIMx_Current_Config  timer.o
    0x08009468   0x08009468   0x00000068   Code   RO          316    i.TIMx_Current_NVIC_Config  timer.o
    0x080094d0   0x080094d0   0x00000044   Code   RO          190    i.USART1_GPIO_Config  usart.o
    0x08009514   0x08009514   0x00000050   Code   RO          191    i.USART1_IRQHandler  usart.o
    0x08009564   0x08009564   0x00000044   Code   RO          192    i.USART2_GPIO_Config  usart.o
    0x080095a8   0x080095a8   0x0000004c   Code   RO          193    i.USART3_GPIO_Config  usart.o
    0x080095f4   0x080095f4   0x00000018   Code   RO         4418    i.USART_Cmd         stm32f10x_usart.o
    0x0800960c   0x0800960c   0x0000001a   Code   RO         4421    i.USART_GetFlagStatus  stm32f10x_usart.o
    0x08009626   0x08009626   0x0000004a   Code   RO         4424    i.USART_ITConfig    stm32f10x_usart.o
    0x08009670   0x08009670   0x000000d8   Code   RO         4425    i.USART_Init        stm32f10x_usart.o
    0x08009748   0x08009748   0x0000000a   Code   RO         4432    i.USART_ReceiveData  stm32f10x_usart.o
    0x08009752   0x08009752   0x00000008   Code   RO         4435    i.USART_SendData    stm32f10x_usart.o
    0x0800975a   0x0800975a   0x00000002   PAD
    0x0800975c   0x0800975c   0x00000070   Code   RO          194    i.USARTx_Config     usart.o
    0x080097cc   0x080097cc   0x00000064   Code   RO          195    i.USARTx_NVIC_Config  usart.o
    0x08009830   0x08009830   0x0000001e   Code   RO          196    i.USARTx_SendByte   usart.o
    0x0800984e   0x0800984e   0x00000002   PAD
    0x08009850   0x08009850   0x00000058   Code   RO          799    i.W25QXX_Erase_Sector  w25qxx.o
    0x080098a8   0x080098a8   0x00000058   Code   RO          800    i.W25QXX_Init       w25qxx.o
    0x08009900   0x08009900   0x00000050   Code   RO          802    i.W25QXX_Read       w25qxx.o
    0x08009950   0x08009950   0x00000048   Code   RO          803    i.W25QXX_ReadID     w25qxx.o
    0x08009998   0x08009998   0x0000002c   Code   RO          804    i.W25QXX_ReadSR     w25qxx.o
    0x080099c4   0x080099c4   0x00000012   Code   RO          806    i.W25QXX_Wait_Busy  w25qxx.o
    0x080099d6   0x080099d6   0x00000002   PAD
    0x080099d8   0x080099d8   0x000000b8   Code   RO          807    i.W25QXX_Write      w25qxx.o
    0x08009a90   0x08009a90   0x00000020   Code   RO          809    i.W25QXX_Write_Enable  w25qxx.o
    0x08009ab0   0x08009ab0   0x00000046   Code   RO          810    i.W25QXX_Write_NoCheck  w25qxx.o
    0x08009af6   0x08009af6   0x00000002   PAD
    0x08009af8   0x08009af8   0x00000054   Code   RO          811    i.W25QXX_Write_Page  w25qxx.o
    0x08009b4c   0x08009b4c   0x00000020   Code   RO         4924    i.__0printf         mc_w.l(printfa.o)
    0x08009b6c   0x08009b6c   0x00000028   Code   RO         4926    i.__0sprintf        mc_w.l(printfa.o)
    0x08009b94   0x08009b94   0x0000000e   Code   RO         5091    i.__scatterload_copy  mc_w.l(handlers.o)
    0x08009ba2   0x08009ba2   0x00000002   Code   RO         5092    i.__scatterload_null  mc_w.l(handlers.o)
    0x08009ba4   0x08009ba4   0x0000000e   Code   RO         5093    i.__scatterload_zeroinit  mc_w.l(handlers.o)
    0x08009bb2   0x08009bb2   0x00000002   PAD
    0x08009bb4   0x08009bb4   0x00000184   Code   RO         4931    i._fp_digits        mc_w.l(printfa.o)
    0x08009d38   0x08009d38   0x000006dc   Code   RO         4932    i._printf_core      mc_w.l(printfa.o)
    0x0800a414   0x0800a414   0x00000024   Code   RO         4933    i._printf_post_padding  mc_w.l(printfa.o)
    0x0800a438   0x0800a438   0x0000002e   Code   RO         4934    i._printf_pre_padding  mc_w.l(printfa.o)
    0x0800a466   0x0800a466   0x0000000a   Code   RO         4936    i._sputc            mc_w.l(printfa.o)
    0x0800a470   0x0800a470   0x00000040   Code   RO         2117    i.app_main          app_main.o
    0x0800a4b0   0x0800a4b0   0x00000090   Code   RO         1385    i.check_fs          ff.o
    0x0800a540   0x0800a540   0x00000014   Code   RO         1386    i.chk_chr           ff.o
    0x0800a554   0x0800a554   0x00000032   Code   RO         1387    i.clmt_clust        ff.o
    0x0800a586   0x0800a586   0x0000001a   Code   RO         1388    i.clust2sect        ff.o
    0x0800a5a0   0x0800a5a0   0x000000a0   Code   RO         1389    i.cmp_lfn           ff.o
    0x0800a640   0x0800a640   0x00000012   Code   RO          949    i.convert_from_bytes_to_power_of_two  sdio_sdcard.o
    0x0800a652   0x0800a652   0x000000d6   Code   RO         1390    i.create_chain      ff.o
    0x0800a728   0x0800a728   0x00000270   Code   RO         1391    i.create_name       ff.o
    0x0800a998   0x0800a998   0x0000005c   Code   RO         1392    i.dir_alloc         ff.o
    0x0800a9f4   0x0800a9f4   0x000000ea   Code   RO         1393    i.dir_find          ff.o
    0x0800aade   0x0800aade   0x0000010e   Code   RO         1394    i.dir_next          ff.o
    0x0800abec   0x0800abec   0x000000c6   Code   RO         1395    i.dir_read          ff.o
    0x0800acb2   0x0800acb2   0x0000012a   Code   RO         1396    i.dir_register      ff.o
    0x0800addc   0x0800addc   0x0000009e   Code   RO         1398    i.dir_sdi           ff.o
    0x0800ae7a   0x0800ae7a   0x00000002   PAD
    0x0800ae7c   0x0800ae7c   0x00000038   Code   RO         1309    i.disk_initialize   diskio.o
    0x0800aeb4   0x0800aeb4   0x000000b4   Code   RO         1310    i.disk_ioctl        diskio.o
    0x0800af68   0x0800af68   0x0000007a   Code   RO         1311    i.disk_read         diskio.o
    0x0800afe2   0x0800afe2   0x00000006   Code   RO         1312    i.disk_status       diskio.o
    0x0800afe8   0x0800afe8   0x0000007a   Code   RO         1313    i.disk_write        diskio.o
    0x0800b062   0x0800b062   0x00000020   Code   RO         1400    i.f_close           ff.o
    0x0800b082   0x0800b082   0x00000016   Code   RO         1401    i.f_closedir        ff.o
    0x0800b098   0x0800b098   0x000002ac   Code   RO         1404    i.f_lseek           ff.o
    0x0800b344   0x0800b344   0x0000005c   Code   RO         1407    i.f_mount           ff.o
    0x0800b3a0   0x0800b3a0   0x00000194   Code   RO         1408    i.f_open            ff.o
    0x0800b534   0x0800b534   0x00000086   Code   RO         1409    i.f_opendir         ff.o
    0x0800b5ba   0x0800b5ba   0x000001b0   Code   RO         1410    i.f_read            ff.o
    0x0800b76a   0x0800b76a   0x00000070   Code   RO         1411    i.f_readdir         ff.o
    0x0800b7da   0x0800b7da   0x000000b0   Code   RO         1415    i.f_sync            ff.o
    0x0800b88a   0x0800b88a   0x000001ea   Code   RO         1419    i.f_write           ff.o
    0x0800ba74   0x0800ba74   0x00000098   Code   RO         1702    i.ff_convert        cc936.o
    0x0800bb0c   0x0800bb0c   0x0000000c   Code   RO         1314    i.ff_memalloc       diskio.o
    0x0800bb18   0x0800bb18   0x0000000c   Code   RO         1315    i.ff_memfree        diskio.o
    0x0800bb24   0x0800bb24   0x00000038   Code   RO         1703    i.ff_wtoupper       cc936.o
    0x0800bb5c   0x0800bb5c   0x00000394   Code   RO         1420    i.find_volume       ff.o
    0x0800bef0   0x0800bef0   0x00000080   Code   RO         1421    i.fit_lfn           ff.o
    0x0800bf70   0x0800bf70   0x00000090   Code   RO         1422    i.follow_path       ff.o
    0x0800c000   0x0800c000   0x00000044   Code   RO         1736    i.font_init         fontupd.o
    0x0800c044   0x0800c044   0x00000018   Code   RO          198    i.fputc             usart.o
    0x0800c05c   0x0800c05c   0x00000050   Code   RO         4952    i.free              mc_w.l(malloc.o)
    0x0800c0ac   0x0800c0ac   0x00000090   Code   RO         1737    i.fupd_prog         fontupd.o
    0x0800c13c   0x0800c13c   0x000000cc   Code   RO         1423    i.gen_numname       ff.o
    0x0800c208   0x0800c208   0x000000f2   Code   RO         1424    i.get_fat           ff.o
    0x0800c2fa   0x0800c2fa   0x00000002   PAD
    0x0800c2fc   0x0800c2fc   0x00000040   Code   RO         1316    i.get_fattime       diskio.o
    0x0800c33c   0x0800c33c   0x00000110   Code   RO         1425    i.get_fileinfo      ff.o
    0x0800c44c   0x0800c44c   0x00000048   Code   RO         1426    i.get_ldnumber      ff.o
    0x0800c494   0x0800c494   0x0000005e   Code   RO         1909    i.gui_0             app_gui.o
    0x0800c4f2   0x0800c4f2   0x00000036   Code   RO         1910    i.gui_1             app_gui.o
    0x0800c528   0x0800c528   0x000000f0   Code   RO         1911    i.gui_2             app_gui.o
    0x0800c618   0x0800c618   0x00000038   Code   RO         1912    i.gui_3             app_gui.o
    0x0800c650   0x0800c650   0x00000038   Code   RO         1913    i.gui_4             app_gui.o
    0x0800c688   0x0800c688   0x0000004c   Code   RO         1914    i.gui_5             app_gui.o
    0x0800c6d4   0x0800c6d4   0x00000048   Code   RO         1915    i.gui_6             app_gui.o
    0x0800c71c   0x0800c71c   0x000000a0   Code   RO         1916    i.gui_7             app_gui.o
    0x0800c7bc   0x0800c7bc   0x00000024   Code   RO         1917    i.gui_draw_hline    app_gui.o
    0x0800c7e0   0x0800c7e0   0x000000b0   Code   RO         1918    i.gui_fill_circle   app_gui.o
    0x0800c890   0x0800c890   0x00000020   Code   RO         1427    i.ld_clust          ff.o
    0x0800c8b0   0x0800c8b0   0x00000078   Code   RO            4    i.main              main.o
    0x0800c928   0x0800c928   0x0000006c   Code   RO         4953    i.malloc            mc_w.l(malloc.o)
    0x0800c994   0x0800c994   0x00000026   Code   RO         1428    i.mem_cmp           ff.o
    0x0800c9ba   0x0800c9ba   0x0000001a   Code   RO         1429    i.mem_cpy           ff.o
    0x0800c9d4   0x0800c9d4   0x00000014   Code   RO         1430    i.mem_set           ff.o
    0x0800c9e8   0x0800c9e8   0x00000034   Code   RO         1431    i.move_window       ff.o
    0x0800ca1c   0x0800ca1c   0x00000080   Code   RO         1432    i.pick_lfn          ff.o
    0x0800ca9c   0x0800ca9c   0x00000142   Code   RO         1433    i.put_fat           ff.o
    0x0800cbde   0x0800cbde   0x0000006c   Code   RO         1434    i.remove_chain      ff.o
    0x0800cc4a   0x0800cc4a   0x00000010   Code   RO         1435    i.st_clust          ff.o
    0x0800cc5a   0x0800cc5a   0x00000020   Code   RO         1436    i.sum_sfn           ff.o
    0x0800cc7a   0x0800cc7a   0x000000c8   Code   RO         1437    i.sync_fs           ff.o
    0x0800cd42   0x0800cd42   0x00000052   Code   RO         1438    i.sync_window       ff.o
    0x0800cd94   0x0800cd94   0x00000198   Code   RO         1738    i.updata_fontx      fontupd.o
    0x0800cf2c   0x0800cf2c   0x0000049c   Code   RO         1739    i.update_font       fontupd.o
    0x0800d3c8   0x0800d3c8   0x00000032   Code   RO         1439    i.validate          ff.o
    0x0800d3fa   0x0800d3fa   0x000064f0   Data   RO          598    .constdata          lcd.o
    0x080138ea   0x080138ea   0x000000c2   Data   RO         1174    .constdata          gt9147.o
    0x080139ac   0x080139ac   0x0000003a   Data   RO         1440    .constdata          ff.o
    0x080139e6   0x080139e6   0x000003c0   Data   RO         1704    .constdata          cc936.o
    0x08013da6   0x08013da6   0x00000002   PAD
    0x08013da8   0x08013da8   0x00000020   Data   RO         1741    .constdata          fontupd.o
    0x08013dc8   0x08013dc8   0x00000800   Data   RO         1919    .constdata          app_gui.o
    0x080145c8   0x080145c8   0x00000054   Data   RO         2038    .constdata          app_work.o
    0x0801461c   0x0801461c   0x00000084   Data   RO         1742    .conststring        fontupd.o
    0x080146a0   0x080146a0   0x00000085   Data   RO         2039    .conststring        app_work.o
    0x08014725   0x08014725   0x00000003   PAD
    0x08014728   0x08014728   0x00000020   Data   RO         5089    Region$$Table       anon$$obj.o


    Execution Region RW_IRAM1 (Exec base: 0x20000000, Load base: 0x08014748, Size: 0x0000d948, Max: 0x00010000, ABSOLUTE)

    Exec Addr    Load Addr    Size         Type   Attr      Idx    E Section Name        Object

    0x20000000   0x08014748   0x00000018   Data   RW          200    .data               usart.o
    0x20000018   0x08014760   0x00000004   Data   RW          276    .data               delay.o
    0x2000001c   0x08014764   0x00000060   Data   RW          421    .data               rtc.o
    0x2000007c   0x080147c4   0x00000004   Data   RW          599    .data               lcd.o
    0x20000080   0x080147c8   0x00000002   Data   RW          814    .data               w25qxx.o
    0x20000082   0x080147ca   0x00000002   PAD
    0x20000084   0x080147cc   0x00000010   Data   RW          951    .data               sdio_sdcard.o
    0x20000094   0x080147dc   0x00000001   Data   RW         1175    .data               gt9147.o
    0x20000095   0x080147dd   0x00000001   PAD
    0x20000096   0x080147de   0x00000002   Data   RW         1317    .data               diskio.o
    0x20000098   0x080147e0   0x00000006   Data   RW         1441    .data               ff.o
    0x2000009e   0x080147e6   0x00000014   Data   RW         3218    .data               stm32f10x_rcc.o
    0x200000b2   0x080147fa   0x00000002   PAD
    0x200000b4   0x080147fc   0x00000014   Data   RW         4617    .data               system_stm32f10x.o
    0x200000c8   0x08014810   0x00000004   Data   RW         5052    .data               mc_w.l(stdout.o)
    0x200000cc   0x08014814   0x00000004   Data   RW         5063    .data               mc_w.l(mvars.o)
    0x200000d0   0x08014818   0x00000004   Data   RW         5064    .data               mc_w.l(mvars.o)
    0x200000d4        -       0x000000c0   Zero   RW          199    .bss                usart.o
    0x20000194        -       0x0000000c   Zero   RW          420    .bss                rtc.o
    0x200001a0        -       0x0000000e   Zero   RW          597    .bss                lcd.o
    0x200001ae        -       0x00001000   Zero   RW          813    .bss                w25qxx.o
    0x200011ae   0x0801481c   0x00000002   PAD
    0x200011b0        -       0x000002c0   Zero   RW          950    .bss                sdio_sdcard.o
    0x20001470        -       0x00000016   Zero   RW         1173    .bss                gt9147.o
    0x20001486        -       0x00000031   Zero   RW         1740    .bss                fontupd.o
    0x200014b7   0x0801481c   0x00000001   PAD
    0x200014b8        -       0x00000490   Zero   RW         2037    .bss                app_work.o
    0x20001948        -       0x00008000   Zero   RW         4604    HEAP                startup_stm32f10x_hd.o
    0x20009948        -       0x00004000   Zero   RW         4603    STACK               startup_stm32f10x_hd.o


==============================================================================

Image component sizes


      Code (inc. data)   RO Data    RW Data    ZI Data      Debug   Object Name

      1496         26          0          0          0       2794   app_control.o
      1872        156       2048          0          0       9062   app_gui.o
        64         18          0          0          0        995   app_main.o
     10004       1276        217          0       1168      12626   app_work.o
        56         10          0          0          0        495   beep.o
       208         16        960          0          0       4715   cc936.o
       726        126          0          0          0       4669   ctiic.o
       220         26          0          4          0       1681   delay.o
       574         20          0          2          0       7124   diskio.o
      8150         68         58          6          0      41854   ff.o
      1800        218        164          0         49       5666   fontupd.o
      1086         74        194          1         22       5209   gt9147.o
      8214        214      25840          4         14      20078   lcd.o
       148         14          0          0          0        538   led.o
       120          8          0          0          0     291467   main.o
       172         22          0          0          0       2421   misc.o
       574         28          0         96         12       4643   rtc.o
      7230        386          0         16        704      32858   sdio_sdcard.o
       272         18          0          0          0       1737   spi.o
        36          8        304          0      49152        824   startup_stm32f10x_hd.o
        16          0          0          0          0        529   stm32f10x_bkp.o
       416          8          0          0          0       3786   stm32f10x_dma.o
       282          6          0          0          0       2129   stm32f10x_fsmc.o
       286          0          0          0          0       3400   stm32f10x_gpio.o
        12          6          0          0          0        558   stm32f10x_pwr.o
       524         76          0         20          0       9588   stm32f10x_rcc.o
       276         52          0          0          0       6221   stm32f10x_rtc.o
       304         72          0          0          0       8814   stm32f10x_sdio.o
       112          0          0          0          0       4290   stm32f10x_spi.o
       744        106          0          0          0       6004   stm32f10x_tim.o
       358          6          0          0          0       5905   stm32f10x_usart.o
        56          0          0          0          0       1482   sys.o
       328         28          0         20          0       2457   system_stm32f10x.o
       678         10          0          0          0       3569   text.o
       272         24          0          0          0       2263   timer.o
       558         76          0         24        192       6822   usart.o
       760         70          0          2       4096       6793   w25qxx.o

    ----------------------------------------------------------------------
     49034       3272      29822        200      55412     526066   Object Totals
         0          0         32          0          0          0   (incl. Generated)
        30          0          5          5          3          0   (incl. Padding)

    ----------------------------------------------------------------------

      Code (inc. data)   RO Data    RW Data    ZI Data      Debug   Library Member Name

         0          0          0          0          0          0   entry.o
         0          0          0          0          0          0   entry10a.o
         0          0          0          0          0          0   entry11a.o
         8          4          0          0          0          0   entry2.o
         4          0          0          0          0          0   entry5.o
         0          0          0          0          0          0   entry7b.o
         0          0          0          0          0          0   entry8b.o
         8          4          0          0          0          0   entry9a.o
        30          0          0          0          0          0   handlers.o
        36          8          0          0          0         68   init.o
         0          0          0          0          0          0   iusefp.o
        98          0          0          0          0         84   ldiv.o
        30          0          0          0          0         68   llshl.o
        36          0          0          0          0         68   llsshr.o
        32          0          0          0          0         68   llushr.o
       188         20          0          0          0        160   malloc.o
        36          0          0          0          0         68   memcpya.o
        36          0          0          0          0        108   memseta.o
         0          0          0          8          0          0   mvars.o
      2308         96          0          0          0        604   printfa.o
         0          0          0          4          0          0   stdout.o
        24          0          0          0          0         68   strcat.o
        28          0          0          0          0         76   strcmp.o
        18          0          0          0          0         68   strcpy.o
        14          0          0          0          0         68   strlen.o
        44          0          0          0          0         80   uidiv.o
        98          0          0          0          0         92   uldiv.o
        48          0          0          0          0         68   cdrcmple.o
        20          0          0          0          0         68   cfcmple.o
        56          0          0          0          0         88   d2f.o
       334          0          0          0          0        148   dadd.o
       222          0          0          0          0        100   ddiv.o
       186          0          0          0          0        176   depilogue.o
        50          0          0          0          0         76   dfixui.o
        48          0          0          0          0         68   dfixul.o
        34          0          0          0          0         76   dflti.o
        26          0          0          0          0         76   dfltui.o
       228          0          0          0          0         96   dmul.o
        38          0          0          0          0         68   f2d.o
       176          0          0          0          0        140   fadd.o
       124          0          0          0          0         88   fdiv.o
       110          0          0          0          0        168   fepilogue.o
        40          0          0          0          0         68   ffixui.o
        10          0          0          0          0         68   ffltui.o
       100          0          0          0          0         76   fmul.o

    ----------------------------------------------------------------------
      4928        132          0         12          0       3464   Library Totals
         2          0          0          0          0          0   (incl. Padding)

    ----------------------------------------------------------------------

      Code (inc. data)   RO Data    RW Data    ZI Data      Debug   Library Name

      3076        132          0         12          0       1748   mc_w.l
      1850          0          0          0          0       1716   mf_w.l

    ----------------------------------------------------------------------
      4928        132          0         12          0       3464   Library Totals

    ----------------------------------------------------------------------

==============================================================================


      Code (inc. data)   RO Data    RW Data    ZI Data      Debug   

     53962       3404      29822        212      55412     514654   Grand Totals
     53962       3404      29822        212      55412     514654   ELF Image Totals
     53962       3404      29822        212          0          0   ROM Totals

==============================================================================

    Total RO  Size (Code + RO Data)                83784 (  81.82kB)
    Total RW  Size (RW Data + ZI Data)             55624 (  54.32kB)
    Total ROM Size (Code + RO Data + RW Data)      83996 (  82.03kB)

==============================================================================

